Archive member included to satisfy reference by file (symbol)

C:/devkitPro/libnx/lib\libnx.a(applet.o)
                              main.o (appletMainLoop)
C:/devkitPro/libnx/lib\libnx.a(hid.o)
                              main.o (hidKeysDown)
C:/devkitPro/libnx/lib\libnx.a(sm.o)
                              C:/devkitPro/libnx/lib\libnx.a(applet.o) (smGetService)
C:/devkitPro/libnx/lib\libnx.a(apm.o)
                              C:/devkitPro/libnx/lib\libnx.a(applet.o) (apmExit)
C:/devkitPro/libnx/lib\libnx.a(fatal.o)
                              C:/devkitPro/libnx/lib\libnx.a(applet.o) (fatalSimple)
C:/devkitPro/libnx/lib\libnx.a(gfx.o)
                              main.o (gfxExit)
C:/devkitPro/libnx/lib\libnx.a(nvgfx.o)
                              C:/devkitPro/libnx/lib\libnx.a(gfx.o) (nvgfxInitialize)
C:/devkitPro/libnx/lib\libnx.a(channel.o)
                              C:/devkitPro/libnx/lib\libnx.a(nvgfx.o) (nvioctlChannel_SetNvmapFd)
C:/devkitPro/libnx/lib\libnx.a(nvhost-ctrl.o)
                              C:/devkitPro/libnx/lib\libnx.a(nvgfx.o) (nvioctlNvhostCtrl_EventWait)
C:/devkitPro/libnx/lib\libnx.a(nvhost-ctrl-gpu.o)
                              C:/devkitPro/libnx/lib\libnx.a(nvgfx.o) (nvioctlNvhostCtrlGpu_ZCullGetCtxSize)
C:/devkitPro/libnx/lib\libnx.a(nvhost-as-gpu.o)
                              C:/devkitPro/libnx/lib\libnx.a(nvgfx.o) (nvioctlNvhostAsGpu_BindChannel)
C:/devkitPro/libnx/lib\libnx.a(nvmap.o)
                              C:/devkitPro/libnx/lib\libnx.a(nvgfx.o) (nvioctlNvmap_Create)
C:/devkitPro/libnx/lib\libnx.a(cache.o)
                              C:/devkitPro/libnx/lib\libnx.a(gfx.o) (armDCacheFlush)
C:/devkitPro/libnx/lib\libnx.a(switch_crt0.o)
                              (_start)
C:/devkitPro/libnx/lib\libnx.a(svc.o)
                              C:/devkitPro/libnx/lib\libnx.a(applet.o) (svcSleepThread)
C:/devkitPro/libnx/lib\libnx.a(dynamic.o)
                              C:/devkitPro/libnx/lib\libnx.a(switch_crt0.o) (__nx_dynamic)
C:/devkitPro/libnx/lib\libnx.a(init.o)
                              C:/devkitPro/libnx/lib\libnx.a(switch_crt0.o) (__libnx_init)
C:/devkitPro/libnx/lib\libnx.a(env.o)
                              C:/devkitPro/libnx/lib\libnx.a(init.o) (envSetup)
C:/devkitPro/libnx/lib\libnx.a(newlib.o)
                              C:/devkitPro/libnx/lib\libnx.a(init.o) (newlibSetup)
C:/devkitPro/libnx/lib\libnx.a(argv.o)
                              C:/devkitPro/libnx/lib\libnx.a(init.o) (argvSetup)
C:/devkitPro/libnx/lib\libnx.a(detect.o)
                              C:/devkitPro/libnx/lib\libnx.a(applet.o) (kernelAbove200)
C:/devkitPro/libnx/lib\libnx.a(shmem.o)
                              C:/devkitPro/libnx/lib\libnx.a(hid.o) (shmemLoadRemote)
C:/devkitPro/libnx/lib\libnx.a(rwlock.o)
                              C:/devkitPro/libnx/lib\libnx.a(hid.o) (rwlockReadLock)
C:/devkitPro/libnx/lib\libnx.a(mutex.o)
                              C:/devkitPro/libnx/lib\libnx.a(newlib.o) (mutexLock)
C:/devkitPro/libnx/lib\libnx.a(virtmem.o)
                              C:/devkitPro/libnx/lib\libnx.a(init.o) (virtmemSetup)
C:/devkitPro/libnx/lib\libnx.a(fs_dev.o)
                              C:/devkitPro/libnx/lib\libnx.a(init.o) (fsdevMountSdmc)
C:/devkitPro/libnx/lib\libnx.a(time.o)
                              C:/devkitPro/libnx/lib\libnx.a(init.o) (timeExit)
C:/devkitPro/libnx/lib\libnx.a(vi.o)
                              C:/devkitPro/libnx/lib\libnx.a(gfx.o) (viExit)
C:/devkitPro/libnx/lib\libnx.a(nv.o)
                              C:/devkitPro/libnx/lib\libnx.a(gfx.o) (nvExit)
C:/devkitPro/libnx/lib\libnx.a(fs.o)
                              C:/devkitPro/libnx/lib\libnx.a(init.o) (fsInitialize)
C:/devkitPro/libnx/lib\libnx.a(buffer_producer.o)
                              C:/devkitPro/libnx/lib\libnx.a(gfx.o) (bufferProducerInitialize)
C:/devkitPro/libnx/lib\libnx.a(binder.o)
                              C:/devkitPro/libnx/lib\libnx.a(gfx.o) (binderCreateSession)
C:/devkitPro/libnx/lib\libnx.a(parcel.o)
                              C:/devkitPro/libnx/lib\libnx.a(buffer_producer.o) (parcelInitialize)
C:/devkitPro/libnx/lib\libnx.a(decode_utf8.o)
                              C:/devkitPro/libnx/lib\libnx.a(fs_dev.o) (decode_utf8)
C:/devkitPro/libnx/lib\libnx.a(readtp.o)
                              C:/devkitPro/libnx/lib\libnx.a(fs_dev.o) (__aarch64_read_tp)
C:/devkitPro/libnx/lib\libnx.a(nxlink.o)
                              C:/devkitPro/libnx/lib\libnx.a(argv.o) (nxlinkSetup)
C:/devkitPro/libnx/lib\libnx.a(tmem.o)
                              C:/devkitPro/libnx/lib\libnx.a(nv.o) (tmemCreate)
c:/devkitpro/devkita64/bin/../lib/gcc/aarch64-none-elf/8.1.0/../../../../aarch64-none-elf/lib/pic\libg.a(lib_a-bsearch.o)
                              C:/devkitPro/libnx/lib\libnx.a(fs_dev.o) (bsearch)
c:/devkitpro/devkita64/bin/../lib/gcc/aarch64-none-elf/8.1.0/../../../../aarch64-none-elf/lib/pic\libg.a(lib_a-errno.o)
[...]
Memory Configuration

Name             Origin             Length             Attributes
*default*        0x0000000000000000 0xffffffffffffffff

Linker script and memory map

                0x0000000000000000                PROVIDE (__start__ = 0x0)
                0x0000000000000000                . = __start__

.crt0           0x0000000000000000      0x118
 *(.crt0)
 .crt0          0x0000000000000000      0x114 C:/devkitPro/libnx/lib\libnx.a(switch_crt0.o)
                0x0000000000000000                _start
                0x0000000000000104                __nx_exit
                0x0000000000000118                . = ALIGN (0x8)
 *fill*         0x0000000000000114        0x4 

.init           0x0000000000000118       0x38
 *(.init)
 .init          0x0000000000000118       0x18 c:/devkitpro/devkita64/bin/../lib/gcc/aarch64-none-elf/8.1.0/pic/crti.o
                0x0000000000000118                _init
 .init          0x0000000000000130       0x1c c:/devkitpro/devkita64/bin/../lib/gcc/aarch64-none-elf/8.1.0/pic/crtn.o
                0x0000000000000150                . = ALIGN (0x8)
 *fill*         0x000000000000014c        0x4 

.plt            0x0000000000000150        0x0
 *(.plt)
 .plt           0x0000000000000150        0x0 c:/devkitpro/devkita64/bin/../lib/gcc/aarch64-none-elf/8.1.0/pic/crti.o
 *(.iplt)
                0x0000000000000150                . = ALIGN (0x8)

.text           0x0000000000000180     0xf830
 *(.text.unlikely .text.*_unlikely .text.unlikely.*)
 *(.text.exit .text.exit.*)
 *(.text.startup .text.startup.*)
 .text.startup  0x0000000000000180      0x610 main.o
                0x0000000000000180                main
 *(.text.hot .text.hot.*)
 *(.text .stub .text.* .gnu.linkonce.t.*)
 .text.deregister_tm_clones
                0x0000000000000790       0x2c c:/devkitpro/devkita64/bin/../lib/gcc/aarch64-none-elf/8.1.0/pic/crtbegin.o
 *fill*         0x00000000000007bc        0x4 
 .text.register_tm_clones
                0x00000000000007c0       0x38 c:/devkitpro/devkita64/bin/../lib/gcc/aarch64-none-elf/8.1.0/pic/crtbegin.o
 .text.__do_global_dtors_aux
                0x00000000000007f8       0x48 c:/devkitpro/devkita64/bin/../lib/gcc/aarch64-none-elf/8.1.0/pic/crtbegin.o
 .text.frame_dummy
                0x0000000000000840       0x34 c:/devkitpro/devkita64/bin/../lib/gcc/aarch64-none-elf/8.1.0/pic/crtbegin.o
 *fill*         0x0000000000000874        0xc 
 .text.ipcCloseObjectById
                0x0000000000000880       0x34 C:/devkitPro/libnx/lib\libnx.a(applet.o)
 *fill*         0x00000000000008b4        0xc 
 .text._appletGetHandle
                0x00000000000008c0      0x124 C:/devkitPro/libnx/lib\libnx.a(applet.o)
 *fill*         0x00000000000009e4        0xc 
 .text._appletGetOperationMode.constprop.13
                0x00000000000009f0       0xe0 C:/devkitPro/libnx/lib\libnx.a(applet.o)
 .text._appletGetCurrentFocusState.constprop.15
                0x0000000000000ad0       0xe0 C:/devkitPro/libnx/lib\libnx.a(applet.o)
 .text._appletReceiveMessage
                0x0000000000000bb0       0xec C:/devkitPro/libnx/lib\libnx.a(applet.o)
 *fill*         0x0000000000000c9c        0x4 
 .text._appletGetPerformanceMode.constprop.14
                0x0000000000000ca0       0xe0 C:/devkitPro/libnx/lib\libnx.a(applet.o)
 .text._appletAcquireForegroundRights
                0x0000000000000d80       0xcc C:/devkitPro/libnx/lib\libnx.a(applet.o)
 *fill*         0x0000000000000e4c        0x4 
 .text._appletSetOperationModeChangedNotification.constprop.16
                0x0000000000000e50       0xd4 C:/devkitPro/libnx/lib\libnx.a(applet.o)
 *fill*         0x0000000000000f24        0xc 
 .text._appletSetPerformanceModeChangedNotification.constprop.17
                0x0000000000000f30       0xd4 C:/devkitPro/libnx/lib\libnx.a(applet.o)
 *fill*         0x0000000000001004        0xc 
 .text._appletSetOutOfFocusSuspendingEnabled
                0x0000000000001010       0xd0 C:/devkitPro/libnx/lib\libnx.a(applet.o)
 .text._appletSetFocusHandlingMode
                0x00000000000010e0       0xd8 C:/devkitPro/libnx/lib\libnx.a(applet.o)
 *fill*         0x00000000000011b8        0x8 
 .text._appletGetAppletResourceUserId.constprop.11
                0x00000000000011c0       0xe0 C:/devkitPro/libnx/lib\libnx.a(applet.o)
 .text._appletGetSessionProxy.constprop.10
                0x00000000000012a0      0x13c C:/devkitPro/libnx/lib\libnx.a(applet.o)
 *fill*         0x00000000000013dc        0x4 
 .text.appletExit
                0x00000000000013e0      0x48c C:/devkitPro/libnx/lib\libnx.a(applet.o)
                0x00000000000013e0                appletExit
 *fill*         0x000000000000186c        0x4 
 .text.appletHook
                0x0000000000001870       0x28 C:/devkitPro/libnx/lib\libnx.a(applet.o)
                0x0000000000001870                appletHook
 *fill*         0x0000000000001898        0x8 
 .text.appletUnhook
                0x00000000000018a0       0x34 C:/devkitPro/libnx/lib\libnx.a(applet.o)
                0x00000000000018a0                appletUnhook
 *fill*         0x00000000000018d4        0xc 
 .text.appletGetAppletResourceUserId
                0x00000000000018e0       0x28 C:/devkitPro/libnx/lib\libnx.a(applet.o)
                0x00000000000018e0                appletGetAppletResourceUserId
 *fill*         0x0000000000001908        0x8 
 .text.appletNotifyRunning
                0x0000000000001910      0x120 C:/devkitPro/libnx/lib\libnx.a(applet.o)
                0x0000000000001910                appletNotifyRunning
 .text.appletInitialize
                0x0000000000001a30      0x4dc C:/devkitPro/libnx/lib\libnx.a(applet.o)
                0x0000000000001a30                appletInitialize
 *fill*         0x0000000000001f0c        0x4 
 .text.appletCreateManagedDisplayLayer
                0x0000000000001f10       0xec C:/devkitPro/libnx/lib\libnx.a(applet.o)
                0x0000000000001f10                appletCreateManagedDisplayLayer
 *fill*         0x0000000000001ffc        0x4 
 .text.appletGetOperationMode
                0x0000000000002000        0xc C:/devkitPro/libnx/lib\libnx.a(applet.o)
                0x0000000000002000                appletGetOperationMode
 *fill*         0x000000000000200c        0x4 
 .text.appletMainLoop
                0x0000000000002010      0x144 C:/devkitPro/libnx/lib\libnx.a(applet.o)
                0x0000000000002010                appletMainLoop
 *fill*         0x0000000000002154        0xc 
 .text.ipcCloseObjectById
                0x0000000000002160       0x34 C:/devkitPro/libnx/lib\libnx.a(hid.o)
 *fill*         0x0000000000002194        0xc 
 .text._hidGetSharedMemoryHandle.constprop.8
                0x00000000000021a0      0x124 C:/devkitPro/libnx/lib\libnx.a(hid.o)
 *fill*         0x00000000000022c4        0xc 
 .text._hidCreateAppletResource.constprop.7
                0x00000000000022d0      0x134 C:/devkitPro/libnx/lib\libnx.a(hid.o)
 *fill*         0x0000000000002404        0xc 
 .text.hidReset
                0x0000000000002410      0x1b0 C:/devkitPro/libnx/lib\libnx.a(hid.o)
                0x0000000000002410                hidReset
 .text.hidGetSharedmemAddr
                0x00000000000025c0        0xc C:/devkitPro/libnx/lib\libnx.a(hid.o)
                0x00000000000025c0                hidGetSharedmemAddr
 *fill*         0x00000000000025cc        0x4 
 .text.hidKeysDown
                0x00000000000025d0       0x6c C:/devkitPro/libnx/lib\libnx.a(hid.o)
                0x00000000000025d0                hidKeysDown
 *fill*         0x000000000000263c        0x4 
 .text.hidTouchCount
                0x0000000000002640        0xc C:/devkitPro/libnx/lib\libnx.a(hid.o)
                0x0000000000002640                hidTouchCount
 *fill*         0x000000000000264c        0x4 
 .text.hidScanInput
                0x0000000000002650      0x49c C:/devkitPro/libnx/lib\libnx.a(hid.o)
                0x0000000000002650                hidScanInput
 *fill*         0x0000000000002aec        0x4 
 .text.hidSetNpadJoyAssignmentModeDual
                0x0000000000002af0      0x108 C:/devkitPro/libnx/lib\libnx.a(hid.o)
                0x0000000000002af0                hidSetNpadJoyAssignmentModeDual
 *fill*         0x0000000000002bf8        0x8 
 .text.hidExit  0x0000000000002c00      0x120 C:/devkitPro/libnx/lib\libnx.a(hid.o)
                0x0000000000002c00                hidExit
 .text.hidInitialize
                0x0000000000002d20       0xec C:/devkitPro/libnx/lib\libnx.a(hid.o)
                0x0000000000002d20                hidInitialize
 *fill*         0x0000000000002e0c        0x4 
 .text.smAddOverrideHandle
                0x0000000000002e10       0x44 C:/devkitPro/libnx/lib\libnx.a(sm.o)
                0x0000000000002e10                smAddOverrideHandle
 *fill*         0x0000000000002e54        0xc 
 .text.smGetServiceOverride
                0x0000000000002e60       0x60 C:/devkitPro/libnx/lib\libnx.a(sm.o)
                0x0000000000002e60                smGetServiceOverride
 .text.smHasInitialized
                0x0000000000002ec0       0x14 C:/devkitPro/libnx/lib\libnx.a(sm.o)
                0x0000000000002ec0                smHasInitialized
 *fill*         0x0000000000002ed4        0xc 
 .text.smExit   0x0000000000002ee0       0x48 C:/devkitPro/libnx/lib\libnx.a(sm.o)
                0x0000000000002ee0                smExit
 *fill*         0x0000000000002f28        0x8 
 .text.smEncodeName
                0x0000000000002f30       0x38 C:/devkitPro/libnx/lib\libnx.a(sm.o)
                0x0000000000002f30                smEncodeName
 *fill*         0x0000000000002f68        0x8 
 .text.smGetServiceOriginal
                0x0000000000002f70      0x12c C:/devkitPro/libnx/lib\libnx.a(sm.o)
                0x0000000000002f70                smGetServiceOriginal
 *fill*         0x000000000000309c        0x4 
 .text.smInitialize
                0x00000000000030a0      0x158 C:/devkitPro/libnx/lib\libnx.a(sm.o)
                0x00000000000030a0                smInitialize
 *fill*         0x00000000000031f8        0x8 
 .text.smGetService
                0x0000000000003200       0x74 C:/devkitPro/libnx/lib\libnx.a(sm.o)
                0x0000000000003200                smGetService
 *fill*         0x0000000000003274        0xc 
 .text.ipcCloseObjectById
                0x0000000000003280       0x34 C:/devkitPro/libnx/lib\libnx.a(apm.o)
 *fill*         0x00000000000032b4        0xc 
 .text._apmGetSession.constprop.4
                0x00000000000032c0      0x124 C:/devkitPro/libnx/lib\libnx.a(apm.o)
 *fill*         0x00000000000033e4        0xc 
 .text.apmExit  0x00000000000033f0       0xf0 C:/devkitPro/libnx/lib\libnx.a(apm.o)
                0x00000000000033f0                apmExit
 .text.apmInitialize
                0x00000000000034e0       0x8c C:/devkitPro/libnx/lib\libnx.a(apm.o)
                0x00000000000034e0                apmInitialize
 *fill*         0x000000000000356c        0x4 
 .text.apmSetPerformanceConfiguration
                0x0000000000003570       0xcc C:/devkitPro/libnx/lib\libnx.a(apm.o)
                0x0000000000003570                apmSetPerformanceConfiguration
 *fill*         0x000000000000363c        0x4 
 .text.fatalSimple
                0x0000000000003640       0xc0 C:/devkitPro/libnx/lib\libnx.a(fatal.o)
                0x0000000000003640                fatalSimple
 .text._gfxDequeueBuffer.part.0
                0x0000000000003700       0xc8 C:/devkitPro/libnx/lib\libnx.a(gfx.o)
 *fill*         0x00000000000037c8        0x8 
 .text._gfxQueueBuffer.part.1
                0x00000000000037d0       0x38 C:/devkitPro/libnx/lib\libnx.a(gfx.o)
 *fill*         0x0000000000003808        0x8 
 .text.gfxConfigureCrop
                0x0000000000003810       0xe8 C:/devkitPro/libnx/lib\libnx.a(gfx.o)
                0x0000000000003810                gfxConfigureCrop
 *fill*         0x00000000000038f8        0x8 
 .text.gfxConfigureResolution
                0x0000000000003900       0x14 C:/devkitPro/libnx/lib\libnx.a(gfx.o)
                0x0000000000003900                gfxConfigureResolution
 *fill*         0x0000000000003914        0xc 
 .text._gfxAutoResolutionAppletHook
                0x0000000000003920       0x60 C:/devkitPro/libnx/lib\libnx.a(gfx.o)
 .text.gfxConfigureAutoResolution
                0x0000000000003980      0x11c C:/devkitPro/libnx/lib\libnx.a(gfx.o)
                0x0000000000003980                gfxConfigureAutoResolution
 *fill*         0x0000000000003a9c        0x4 
 .text.gfxExit  0x0000000000003aa0      0x178 C:/devkitPro/libnx/lib\libnx.a(gfx.o)
                0x0000000000003aa0                gfxExit
 *fill*         0x0000000000003c18        0x8 
 .text._gfxGraphicBufferInit
                0x0000000000003c20       0x54 C:/devkitPro/libnx/lib\libnx.a(gfx.o)
                0x0000000000003c20                _gfxGraphicBufferInit
 *fill*         0x0000000000003c74        0xc 
 .text.gfxWaitForVsync
                0x0000000000003c80       0x80 C:/devkitPro/libnx/lib\libnx.a(gfx.o)
                0x0000000000003c80                gfxWaitForVsync
 .text.gfxInitDefault
                0x0000000000003d00      0x588 C:/devkitPro/libnx/lib\libnx.a(gfx.o)
                0x0000000000003d00                gfxInitDefault
 *fill*         0x0000000000004288        0x8 
 .text.gfxSwapBuffers
                0x0000000000004290       0x5c C:/devkitPro/libnx/lib\libnx.a(gfx.o)
                0x0000000000004290                gfxSwapBuffers
 *fill*         0x00000000000042ec        0x4 
 .text.gfxGetFramebuffer
                0x00000000000042f0       0x68 C:/devkitPro/libnx/lib\libnx.a(gfx.o)
                0x00000000000042f0                gfxGetFramebuffer
 *fill*         0x0000000000004358        0x8 
 .text.gfxFlushBuffers
                0x0000000000004360      0x144 C:/devkitPro/libnx/lib\libnx.a(gfx.o)
                0x0000000000004360                gfxFlushBuffers
 *fill*         0x00000000000044a4        0xc 
 .text.nvmapobjClose
                0x00000000000044b0       0x3c C:/devkitPro/libnx/lib\libnx.a(nvgfx.o)
 *fill*         0x00000000000044ec        0x4 
 .text.nvmapobjInitialize.part.0
                0x00000000000044f0       0x6c C:/devkitPro/libnx/lib\libnx.a(nvgfx.o)
 *fill*         0x000000000000455c        0x4 
 .text.nvmapobjSetup.constprop.2
                0x0000000000004560       0x70 C:/devkitPro/libnx/lib\libnx.a(nvgfx.o)
 .text.nvgfxInitialize
                0x00000000000045d0      0xbd8 C:/devkitPro/libnx/lib\libnx.a(nvgfx.o)
                0x00000000000045d0                nvgfxInitialize
 *fill*         0x00000000000051a8        0x8 
 .text.nvgfxExit
                0x00000000000051b0      0x128 C:/devkitPro/libnx/lib\libnx.a(nvgfx.o)
                0x00000000000051b0                nvgfxExit
 *fill*         0x00000000000052d8        0x8 
 .text.nvgfxEventWait
                0x00000000000052e0       0x68 C:/devkitPro/libnx/lib\libnx.a(nvgfx.o)
                0x00000000000052e0                nvgfxEventWait
 *fill*         0x0000000000005348        0x8 
 .text.nvgfxGetFramebuffer
                0x0000000000005350       0x3c C:/devkitPro/libnx/lib\libnx.a(nvgfx.o)
                0x0000000000005350                nvgfxGetFramebuffer
 *fill*         0x000000000000538c        0x4 
 .text.nvioctlChannel_SetNvmapFd
                0x0000000000005390       0x24 C:/devkitPro/libnx/lib\libnx.a(channel.o)
                0x0000000000005390                nvioctlChannel_SetNvmapFd
 *fill*         0x00000000000053b4        0xc 
 .text.nvioctlChannel_AllocObjCtx
                0x00000000000053c0       0x30 C:/devkitPro/libnx/lib\libnx.a(channel.o)
                0x00000000000053c0                nvioctlChannel_AllocObjCtx
 .text.nvioctlChannel_ZCullBind
                0x00000000000053f0       0x28 C:/devkitPro/libnx/lib\libnx.a(channel.o)
                0x00000000000053f0                nvioctlChannel_ZCullBind
 *fill*         0x0000000000005418        0x8 
 .text.nvioctlChannel_SetErrorNotifier
                0x0000000000005420       0x28 C:/devkitPro/libnx/lib\libnx.a(channel.o)
                0x0000000000005420                nvioctlChannel_SetErrorNotifier
 *fill*         0x0000000000005448        0x8 
 .text.nvioctlChannel_SetPriority
                0x0000000000005450       0x24 C:/devkitPro/libnx/lib\libnx.a(channel.o)
                0x0000000000005450                nvioctlChannel_SetPriority
 *fill*         0x0000000000005474        0xc 
 .text.nvioctlChannel_AllocGpfifoEx2
                0x0000000000005480       0x54 C:/devkitPro/libnx/lib\libnx.a(channel.o)
                0x0000000000005480                nvioctlChannel_AllocGpfifoEx2
 *fill*         0x00000000000054d4        0xc 
 .text.nvioctlChannel_SetUserData
                0x00000000000054e0       0x24 C:/devkitPro/libnx/lib\libnx.a(channel.o)
                0x00000000000054e0                nvioctlChannel_SetUserData
 *fill*         0x0000000000005504        0xc 
 .text.nvioctlNvhostCtrl_EventWait
                0x0000000000005510       0x40 C:/devkitPro/libnx/lib\libnx.a(nvhost-ctrl.o)
                0x0000000000005510                nvioctlNvhostCtrl_EventWait
 .text.nvioctlNvhostCtrlGpu_ZCullGetCtxSize
                0x0000000000005550       0x3c C:/devkitPro/libnx/lib\libnx.a(nvhost-ctrl-gpu.o)
                0x0000000000005550                nvioctlNvhostCtrlGpu_ZCullGetCtxSize
 *fill*         0x000000000000558c        0x4 
 .text.nvioctlNvhostCtrlGpu_ZCullGetInfo
                0x0000000000005590       0x60 C:/devkitPro/libnx/lib\libnx.a(nvhost-ctrl-gpu.o)
                0x0000000000005590                nvioctlNvhostCtrlGpu_ZCullGetInfo
 .text.nvioctlNvhostCtrlGpu_GetCharacteristics
                0x00000000000055f0       0x9c C:/devkitPro/libnx/lib\libnx.a(nvhost-ctrl-gpu.o)
                0x00000000000055f0                nvioctlNvhostCtrlGpu_GetCharacteristics
 *fill*         0x000000000000568c        0x4 
 .text.nvioctlNvhostCtrlGpu_GetTpcMasks
                0x0000000000005690       0x5c C:/devkitPro/libnx/lib\libnx.a(nvhost-ctrl-gpu.o)
                0x0000000000005690                nvioctlNvhostCtrlGpu_GetTpcMasks
 *fill*         0x00000000000056ec        0x4 
 .text.nvioctlNvhostCtrlGpu_GetL2State
                0x00000000000056f0       0x3c C:/devkitPro/libnx/lib\libnx.a(nvhost-ctrl-gpu.o)
                0x00000000000056f0                nvioctlNvhostCtrlGpu_GetL2State
 *fill*         0x000000000000572c        0x4 
 .text.nvioctlNvhostAsGpu_BindChannel
                0x0000000000005730       0x24 C:/devkitPro/libnx/lib\libnx.a(nvhost-as-gpu.o)
                0x0000000000005730                nvioctlNvhostAsGpu_BindChannel
 *fill*         0x0000000000005754        0xc 
 .text.nvioctlNvhostAsGpu_AllocSpace
                0x0000000000005760       0x44 C:/devkitPro/libnx/lib\libnx.a(nvhost-as-gpu.o)
                0x0000000000005760                nvioctlNvhostAsGpu_AllocSpace
 *fill*         0x00000000000057a4        0xc 
 .text.nvioctlNvhostAsGpu_MapBufferEx
                0x00000000000057b0       0x50 C:/devkitPro/libnx/lib\libnx.a(nvhost-as-gpu.o)
                0x00000000000057b0                nvioctlNvhostAsGpu_MapBufferEx
 .text.nvioctlNvhostAsGpu_GetVARegions
                0x0000000000005800       0x70 C:/devkitPro/libnx/lib\libnx.a(nvhost-as-gpu.o)
                0x0000000000005800                nvioctlNvhostAsGpu_GetVARegions
 .text.nvioctlNvhostAsGpu_InitializeEx
                0x0000000000005870       0x3c C:/devkitPro/libnx/lib\libnx.a(nvhost-as-gpu.o)
                0x0000000000005870                nvioctlNvhostAsGpu_InitializeEx
 *fill*         0x00000000000058ac        0x4 
 .text.nvioctlNvmap_Create
                0x00000000000058b0       0x3c C:/devkitPro/libnx/lib\libnx.a(nvmap.o)
                0x00000000000058b0                nvioctlNvmap_Create
 *fill*         0x00000000000058ec        0x4 
 .text.nvioctlNvmap_FromId
                0x00000000000058f0       0x3c C:/devkitPro/libnx/lib\libnx.a(nvmap.o)
                0x00000000000058f0                nvioctlNvmap_FromId
 *fill*         0x000000000000592c        0x4 
 .text.nvioctlNvmap_Alloc
                0x0000000000005930       0x30 C:/devkitPro/libnx/lib\libnx.a(nvmap.o)
                0x0000000000005930                nvioctlNvmap_Alloc
 .text.nvioctlNvmap_GetId
                0x0000000000005960       0x3c C:/devkitPro/libnx/lib\libnx.a(nvmap.o)
                0x0000000000005960                nvioctlNvmap_GetId
 .text.armDCacheFlush
                0x000000000000599c       0x3c C:/devkitPro/libnx/lib\libnx.a(cache.o)
                0x000000000000599c                armDCacheFlush
 .text.svcSetHeapSize
                0x00000000000059d8       0x14 C:/devkitPro/libnx/lib\libnx.a(svc.o)
                0x00000000000059d8                svcSetHeapSize
 .text.svcUnmapMemory
                0x00000000000059ec        0x8 C:/devkitPro/libnx/lib\libnx.a(svc.o)
                0x00000000000059ec                svcUnmapMemory
 .text.svcQueryMemory
                0x00000000000059f4       0x14 C:/devkitPro/libnx/lib\libnx.a(svc.o)
                0x00000000000059f4                svcQueryMemory
 .text.svcExitProcess
                0x0000000000005a08        0x8 C:/devkitPro/libnx/lib\libnx.a(svc.o)
                0x0000000000005a08                svcExitProcess
 .text.svcSleepThread
                0x0000000000005a10        0x8 C:/devkitPro/libnx/lib\libnx.a(svc.o)
                0x0000000000005a10                svcSleepThread
 .text.svcMapSharedMemory
                0x0000000000005a18        0x8 C:/devkitPro/libnx/lib\libnx.a(svc.o)
                0x0000000000005a18                svcMapSharedMemory
 .text.svcUnmapSharedMemory
                0x0000000000005a20        0x8 C:/devkitPro/libnx/lib\libnx.a(svc.o)
                0x0000000000005a20                svcUnmapSharedMemory
 .text.svcCreateTransferMemory
                0x0000000000005a28       0x14 C:/devkitPro/libnx/lib\libnx.a(svc.o)
                0x0000000000005a28                svcCreateTransferMemory
 .text.svcCloseHandle
                0x0000000000005a3c        0x8 C:/devkitPro/libnx/lib\libnx.a(svc.o)
                0x0000000000005a3c                svcCloseHandle
 .text.svcResetSignal
                0x0000000000005a44        0x8 C:/devkitPro/libnx/lib\libnx.a(svc.o)
                0x0000000000005a44                svcResetSignal
 .text.svcWaitSynchronization
                0x0000000000005a4c       0x14 C:/devkitPro/libnx/lib\libnx.a(svc.o)
                0x0000000000005a4c                svcWaitSynchronization
 .text.svcArbitrateLock
                0x0000000000005a60        0x8 C:/devkitPro/libnx/lib\libnx.a(svc.o)
                0x0000000000005a60                svcArbitrateLock
 .text.svcArbitrateUnlock
                0x0000000000005a68        0x8 C:/devkitPro/libnx/lib\libnx.a(svc.o)
                0x0000000000005a68                svcArbitrateUnlock
 .text.svcGetSystemTick
                0x0000000000005a70        0x8 C:/devkitPro/libnx/lib\libnx.a(svc.o)
                0x0000000000005a70                svcGetSystemTick
 .text.svcConnectToNamedPort
                0x0000000000005a78       0x14 C:/devkitPro/libnx/lib\libnx.a(svc.o)
                0x0000000000005a78                svcConnectToNamedPort
 .text.svcSendSyncRequest
                0x0000000000005a8c        0x8 C:/devkitPro/libnx/lib\libnx.a(svc.o)
                0x0000000000005a8c                svcSendSyncRequest
 .text.svcBreak
                0x0000000000005a94        0x8 C:/devkitPro/libnx/lib\libnx.a(svc.o)
                0x0000000000005a94                svcBreak
 .text.svcGetInfo
                0x0000000000005a9c       0x14 C:/devkitPro/libnx/lib\libnx.a(svc.o)
                0x0000000000005a9c                svcGetInfo
 .text.svcUnmapTransferMemory
                0x0000000000005ab0        0x8 C:/devkitPro/libnx/lib\libnx.a(svc.o)
                0x0000000000005ab0                svcUnmapTransferMemory
 *fill*         0x0000000000005ab8        0x8 
 .text.__nx_dynamic
                0x0000000000005ac0       0xa0 C:/devkitPro/libnx/lib\libnx.a(dynamic.o)
                0x0000000000005ac0                __nx_dynamic
 .text.__libnx_initheap
                0x0000000000005b60       0xd8 C:/devkitPro/libnx/lib\libnx.a(init.o)
                0x0000000000005b60                __libnx_initheap
 *fill*         0x0000000000005c38        0x8 
 .text.__appInit
                0x0000000000005c40       0x74 C:/devkitPro/libnx/lib\libnx.a(init.o)
                0x0000000000005c40                __appInit
 *fill*         0x0000000000005cb4        0xc 
 .text.__appExit
                0x0000000000005cc0       0x24 C:/devkitPro/libnx/lib\libnx.a(init.o)
                0x0000000000005cc0                __appExit
 *fill*         0x0000000000005ce4        0xc 
 .text.__libnx_init
                0x0000000000005cf0       0x28 C:/devkitPro/libnx/lib\libnx.a(init.o)
                0x0000000000005cf0                __libnx_init
 *fill*         0x0000000000005d18        0x8 
 .text.__libnx_exit
                0x0000000000005d20       0x20 C:/devkitPro/libnx/lib\libnx.a(init.o)
                0x0000000000005d20                __libnx_exit
 .text.envSetup
                0x0000000000005d40      0x1b0 C:/devkitPro/libnx/lib\libnx.a(env.o)
                0x0000000000005d40                envSetup
 .text.envGetMainThreadHandle
                0x0000000000005ef0       0x20 C:/devkitPro/libnx/lib\libnx.a(env.o)
                0x0000000000005ef0                envGetMainThreadHandle
 .text.envIsNso
                0x0000000000005f10        0xc C:/devkitPro/libnx/lib\libnx.a(env.o)
                0x0000000000005f10                envIsNso
 *fill*         0x0000000000005f1c        0x4 
 .text.envHasHeapOverride
                0x0000000000005f20       0x14 C:/devkitPro/libnx/lib\libnx.a(env.o)
                0x0000000000005f20                envHasHeapOverride
 *fill*         0x0000000000005f34        0xc 
 .text.envGetHeapOverrideAddr
                0x0000000000005f40        0xc C:/devkitPro/libnx/lib\libnx.a(env.o)
                0x0000000000005f40                envGetHeapOverrideAddr
 *fill*         0x0000000000005f4c        0x4 
 .text.envGetHeapOverrideSize
                0x0000000000005f50        0xc C:/devkitPro/libnx/lib\libnx.a(env.o)
                0x0000000000005f50                envGetHeapOverrideSize
 *fill*         0x0000000000005f5c        0x4 
 .text.envHasArgv
                0x0000000000005f60       0x14 C:/devkitPro/libnx/lib\libnx.a(env.o)
                0x0000000000005f60                envHasArgv
 *fill*         0x0000000000005f74        0xc 
 .text.envGetArgv
                0x0000000000005f80        0xc C:/devkitPro/libnx/lib\libnx.a(env.o)
                0x0000000000005f80                envGetArgv
 *fill*         0x0000000000005f8c        0x4 
 .text.envGetExitFuncPtr
                0x0000000000005f90        0xc C:/devkitPro/libnx/lib\libnx.a(env.o)
                0x0000000000005f90                envGetExitFuncPtr
 *fill*         0x0000000000005f9c        0x4 
 .text.mutexInit
                0x0000000000005fa0        0x8 C:/devkitPro/libnx/lib\libnx.a(newlib.o)
 *fill*         0x0000000000005fa8        0x8 
 .text.rmutexInit
                0x0000000000005fb0        0xc C:/devkitPro/libnx/lib\libnx.a(newlib.o)
 *fill*         0x0000000000005fbc        0x4 
 .text.__libnx_gtod
                0x0000000000005fc0       0x80 C:/devkitPro/libnx/lib\libnx.a(newlib.o)
                0x0000000000005fc0                __libnx_gtod
 .text.__libnx_get_reent
                0x0000000000006040       0x34 C:/devkitPro/libnx/lib\libnx.a(newlib.o)
 *fill*         0x0000000000006074        0xc 
 .text.newlibSetup
                0x0000000000006080       0xec C:/devkitPro/libnx/lib\libnx.a(newlib.o)
                0x0000000000006080                newlibSetup
 *fill*         0x000000000000616c        0x4 
 .text.argvSetup
                0x0000000000006170      0x368 C:/devkitPro/libnx/lib\libnx.a(argv.o)
                0x0000000000006170                argvSetup
 *fill*         0x00000000000064d8        0x8 
 .text._CacheValues
                0x00000000000064e0      0x140 C:/devkitPro/libnx/lib\libnx.a(detect.o)
 .text.kernelAbove200
                0x0000000000006620       0x1c C:/devkitPro/libnx/lib\libnx.a(detect.o)
                0x0000000000006620                kernelAbove200
 *fill*         0x000000000000663c        0x4 
 .text.kernelAbove300
                0x0000000000006640       0x1c C:/devkitPro/libnx/lib\libnx.a(detect.o)
                0x0000000000006640                kernelAbove300
 *fill*         0x000000000000665c        0x4 
 .text.detectDebugger
                0x0000000000006660       0x30 C:/devkitPro/libnx/lib\libnx.a(detect.o)
                0x0000000000006660                detectDebugger
 .text.shmemLoadRemote
                0x0000000000006690       0x14 C:/devkitPro/libnx/lib\libnx.a(shmem.o)
                0x0000000000006690                shmemLoadRemote
 *fill*         0x00000000000066a4        0xc 
 .text.shmemMap
                0x00000000000066b0       0x84 C:/devkitPro/libnx/lib\libnx.a(shmem.o)
                0x00000000000066b0                shmemMap
 *fill*         0x0000000000006734        0xc 
 .text.shmemUnmap
                0x0000000000006740       0x58 C:/devkitPro/libnx/lib\libnx.a(shmem.o)
                0x0000000000006740                shmemUnmap
 *fill*         0x0000000000006798        0x8 
 .text.shmemClose
                0x00000000000067a0       0x44 C:/devkitPro/libnx/lib\libnx.a(shmem.o)
                0x00000000000067a0                shmemClose
 *fill*         0x00000000000067e4        0xc 
 .text.rwlockReadLock
                0x00000000000067f0       0x4c C:/devkitPro/libnx/lib\libnx.a(rwlock.o)
                0x00000000000067f0                rwlockReadLock
 *fill*         0x000000000000683c        0x4 
 .text.rwlockReadUnlock
                0x0000000000006840       0x4c C:/devkitPro/libnx/lib\libnx.a(rwlock.o)
                0x0000000000006840                rwlockReadUnlock
 *fill*         0x000000000000688c        0x4 
 .text.rwlockWriteLock
                0x0000000000006890        0x8 C:/devkitPro/libnx/lib\libnx.a(rwlock.o)
                0x0000000000006890                rwlockWriteLock
 *fill*         0x0000000000006898        0x8 
 .text.rwlockWriteUnlock
                0x00000000000068a0        0x8 C:/devkitPro/libnx/lib\libnx.a(rwlock.o)
                0x00000000000068a0                rwlockWriteUnlock
 *fill*         0x00000000000068a8        0x8 
 .text.mutexLock
                0x00000000000068b0       0x94 C:/devkitPro/libnx/lib\libnx.a(mutex.o)
                0x00000000000068b0                mutexLock
 *fill*         0x0000000000006944        0xc 
 .text.mutexUnlock
                0x0000000000006950       0x24 C:/devkitPro/libnx/lib\libnx.a(mutex.o)
                0x0000000000006950                mutexUnlock
 *fill*         0x0000000000006974        0xc 
 .text.rmutexLock
                0x0000000000006980       0x4c C:/devkitPro/libnx/lib\libnx.a(mutex.o)
                0x0000000000006980                rmutexLock
 *fill*         0x00000000000069cc        0x4 
 .text.rmutexUnlock
                0x00000000000069d0       0x1c C:/devkitPro/libnx/lib\libnx.a(mutex.o)
                0x00000000000069d0                rmutexUnlock
 *fill*         0x00000000000069ec        0x4 
 .text._GetRegionFromInfo.isra.1
                0x00000000000069f0       0x7c C:/devkitPro/libnx/lib\libnx.a(virtmem.o)
 *fill*         0x0000000000006a6c        0x4 
 .text.virtmemSetup
                0x0000000000006a70       0xe4 C:/devkitPro/libnx/lib\libnx.a(virtmem.o)
                0x0000000000006a70                virtmemSetup
 *fill*         0x0000000000006b54        0xc 
 .text.virtmemReserve
                0x0000000000006b60      0x13c C:/devkitPro/libnx/lib\libnx.a(virtmem.o)
                0x0000000000006b60                virtmemReserve
 *fill*         0x0000000000006c9c        0x4 
 .text.virtmemFree
                0x0000000000006ca0        0x4 C:/devkitPro/libnx/lib\libnx.a(virtmem.o)
                0x0000000000006ca0                virtmemFree
 *fill*         0x0000000000006ca4        0xc 
 .text.fsdev_link
                0x0000000000006cb0       0x10 C:/devkitPro/libnx/lib\libnx.a(fs_dev.o)
 .text.fsdev_dirreset
                0x0000000000006cc0       0x10 C:/devkitPro/libnx/lib\libnx.a(fs_dev.o)
 .text.fsdev_chmod
                0x0000000000006cd0       0x10 C:/devkitPro/libnx/lib\libnx.a(fs_dev.o)
 .text.error_cmp
                0x0000000000006ce0       0x1c C:/devkitPro/libnx/lib\libnx.a(fs_dev.o)
 *fill*         0x0000000000006cfc        0x4 
 .text.fsdev_translate_error
                0x0000000000006d00       0x58 C:/devkitPro/libnx/lib\libnx.a(fs_dev.o)
 *fill*         0x0000000000006d58        0x8 
 .text.fsdev_fsync
                0x0000000000006d60       0x40 C:/devkitPro/libnx/lib\libnx.a(fs_dev.o)
 .text.fsdev_ftruncate
                0x0000000000006da0       0x60 C:/devkitPro/libnx/lib\libnx.a(fs_dev.o)
 .text.fsdev_dirclose
                0x0000000000006e00       0x20 C:/devkitPro/libnx/lib\libnx.a(fs_dev.o)
 .text.fsdev_dirnext
                0x0000000000006e20      0x16c C:/devkitPro/libnx/lib\libnx.a(fs_dev.o)
 *fill*         0x0000000000006f8c        0x4 
 .text.fsdev_close
                0x0000000000006f90       0x1c C:/devkitPro/libnx/lib\libnx.a(fs_dev.o)
 *fill*         0x0000000000006fac        0x4 
 .text.fsdev_fstat
                0x0000000000006fb0       0x80 C:/devkitPro/libnx/lib\libnx.a(fs_dev.o)
 .text.fsdev_seek
                0x0000000000007030       0xb0 C:/devkitPro/libnx/lib\libnx.a(fs_dev.o)
 .text.fsdev_read
                0x00000000000070e0      0x198 C:/devkitPro/libnx/lib\libnx.a(fs_dev.o)
 *fill*         0x0000000000007278        0x8 
 .text.fsdev_write
                0x0000000000007280      0x1a0 C:/devkitPro/libnx/lib\libnx.a(fs_dev.o)
 .text.fsdevFindDevice
                0x0000000000007420      0x118 C:/devkitPro/libnx/lib\libnx.a(fs_dev.o)
 *fill*         0x0000000000007538        0x8 
 .text._fsdevMountDevice
                0x0000000000007540      0x168 C:/devkitPro/libnx/lib\libnx.a(fs_dev.o)
 *fill*         0x00000000000076a8        0x8 
 .text.fsdev_getfspath
                0x00000000000076b0      0x1fc C:/devkitPro/libnx/lib\libnx.a(fs_dev.o)
 *fill*         0x00000000000078ac        0x4 
 .text.fsdev_rmdir
                0x00000000000078b0       0x70 C:/devkitPro/libnx/lib\libnx.a(fs_dev.o)
 .text.fsdev_statvfs
                0x0000000000007920       0xd4 C:/devkitPro/libnx/lib\libnx.a(fs_dev.o)
 *fill*         0x00000000000079f4        0xc 
 .text.fsdev_diropen
                0x0000000000007a00       0xec C:/devkitPro/libnx/lib\libnx.a(fs_dev.o)
 *fill*         0x0000000000007aec        0x4 
 .text.fsdev_mkdir
                0x0000000000007af0       0x70 C:/devkitPro/libnx/lib\libnx.a(fs_dev.o)
 .text.fsdev_rename
                0x0000000000007b60      0x114 C:/devkitPro/libnx/lib\libnx.a(fs_dev.o)
 *fill*         0x0000000000007c74        0xc 
 .text.fsdev_chdir
                0x0000000000007c80       0xc4 C:/devkitPro/libnx/lib\libnx.a(fs_dev.o)
 *fill*         0x0000000000007d44        0xc 
 .text.fsdev_unlink
                0x0000000000007d50       0x70 C:/devkitPro/libnx/lib\libnx.a(fs_dev.o)
 .text.fsdev_stat
                0x0000000000007dc0      0x168 C:/devkitPro/libnx/lib\libnx.a(fs_dev.o)
 *fill*         0x0000000000007f28        0x8 
 .text.fsdev_open
                0x0000000000007f30      0x180 C:/devkitPro/libnx/lib\libnx.a(fs_dev.o)
 .text._fsdevUnmountDeviceStruct.part.4
                0x00000000000080b0       0xb8 C:/devkitPro/libnx/lib\libnx.a(fs_dev.o)
 *fill*         0x0000000000008168        0x8 
 .text.fsdev_fchmod
                0x0000000000008170       0x10 C:/devkitPro/libnx/lib\libnx.a(fs_dev.o)
 .text.fsdevMountSdmc
                0x0000000000008180      0x158 C:/devkitPro/libnx/lib\libnx.a(fs_dev.o)
                0x0000000000008180                fsdevMountSdmc
 *fill*         0x00000000000082d8        0x8 
 .text.fsdevUnmountAll
                0x00000000000082e0       0x64 C:/devkitPro/libnx/lib\libnx.a(fs_dev.o)
                0x00000000000082e0                fsdevUnmountAll
 *fill*         0x0000000000008344        0xc 
 .text.ipcCloseObjectById
                0x0000000000008350       0x34 C:/devkitPro/libnx/lib\libnx.a(time.o)
 *fill*         0x0000000000008384        0xc 
 .text._timeGetSession
                0x0000000000008390      0x12c C:/devkitPro/libnx/lib\libnx.a(time.o)
 *fill*         0x00000000000084bc        0x4 
 .text.timeExit
                0x00000000000084c0      0x1ec C:/devkitPro/libnx/lib\libnx.a(time.o)
                0x00000000000084c0                timeExit
 *fill*         0x00000000000086ac        0x4 
 .text.timeInitialize
                0x00000000000086b0       0xd8 C:/devkitPro/libnx/lib\libnx.a(time.o)
                0x00000000000086b0                timeInitialize
 *fill*         0x0000000000008788        0x8 
 .text.timeGetCurrentTime
                0x0000000000008790      0x124 C:/devkitPro/libnx/lib\libnx.a(time.o)
                0x0000000000008790                timeGetCurrentTime
 *fill*         0x00000000000088b4        0xc 
 .text.ipcCloseObjectById
                0x00000000000088c0       0x34 C:/devkitPro/libnx/lib\libnx.a(vi.o)
 *fill*         0x00000000000088f4        0xc 
 .text._viCreatestray_layer.isra.4
                0x0000000000008900      0x130 C:/devkitPro/libnx/lib\libnx.a(vi.o)
 .text._viGetSession.constprop.6
                0x0000000000008a30      0x134 C:/devkitPro/libnx/lib\libnx.a(vi.o)
 *fill*         0x0000000000008b64        0xc 
 .text._viOpenLayer
                0x0000000000008b70      0x140 C:/devkitPro/libnx/lib\libnx.a(vi.o)
 .text.viExit   0x0000000000008cb0      0x1d8 C:/devkitPro/libnx/lib\libnx.a(vi.o)
                0x0000000000008cb0                viExit
 *fill*         0x0000000000008e88        0x8 
 .text.viInitialize
                0x0000000000008e90      0x26c C:/devkitPro/libnx/lib\libnx.a(vi.o)
                0x0000000000008e90                viInitialize
 *fill*         0x00000000000090fc        0x4 
 .text.viGetSession_IHOSBinderDriverRelay
                0x0000000000009100        0xc C:/devkitPro/libnx/lib\libnx.a(vi.o)
                0x0000000000009100                viGetSession_IHOSBinderDriverRelay
 *fill*         0x000000000000910c        0x4 
 .text.viOpenDisplay
                0x0000000000009110      0x140 C:/devkitPro/libnx/lib\libnx.a(vi.o)
                0x0000000000009110                viOpenDisplay
 .text.viCloseDisplay
                0x0000000000009250       0xf0 C:/devkitPro/libnx/lib\libnx.a(vi.o)
                0x0000000000009250                viCloseDisplay
 .text.viOpenLayer
                0x0000000000009340       0xd0 C:/devkitPro/libnx/lib\libnx.a(vi.o)
                0x0000000000009340                viOpenLayer
 .text.viCloseLayer
                0x0000000000009410      0x100 C:/devkitPro/libnx/lib\libnx.a(vi.o)
                0x0000000000009410                viCloseLayer
 .text.viSetLayerScalingMode
                0x0000000000009510       0xe8 C:/devkitPro/libnx/lib\libnx.a(vi.o)
                0x0000000000009510                viSetLayerScalingMode
 *fill*         0x00000000000095f8        0x8 
 .text.viGetDisplayVsyncEvent
                0x0000000000009600      0x12c C:/devkitPro/libnx/lib\libnx.a(vi.o)
                0x0000000000009600                viGetDisplayVsyncEvent
 *fill*         0x000000000000972c        0x4 
 .text.ipcCloseObjectById
                0x0000000000009730       0x34 C:/devkitPro/libnx/lib\libnx.a(nv.o)
 *fill*         0x0000000000009764        0xc 
 .text.ipcQueryPointerBufferSize.constprop.6
                0x0000000000009770       0xc8 C:/devkitPro/libnx/lib\libnx.a(nv.o)
 *fill*         0x0000000000009838        0x8 
 .text._nvSetClientPID
                0x0000000000009840       0xd8 C:/devkitPro/libnx/lib\libnx.a(nv.o)
 *fill*         0x0000000000009918        0x8 
 .text._nvInitialize.constprop.5
                0x0000000000009920       0xf0 C:/devkitPro/libnx/lib\libnx.a(nv.o)
 .text.nvExit   0x0000000000009a10       0xa8 C:/devkitPro/libnx/lib\libnx.a(nv.o)
                0x0000000000009a10                nvExit
 *fill*         0x0000000000009ab8        0x8 
 .text.nvInitialize
                0x0000000000009ac0      0x1a4 C:/devkitPro/libnx/lib\libnx.a(nv.o)
                0x0000000000009ac0                nvInitialize
 *fill*         0x0000000000009c64        0xc 
 .text.nvConvertError
                0x0000000000009c70      0x12c C:/devkitPro/libnx/lib\libnx.a(nv.o)
                0x0000000000009c70                nvConvertError
 *fill*         0x0000000000009d9c        0x4 
 .text.nvOpen   0x0000000000009da0      0x12c C:/devkitPro/libnx/lib\libnx.a(nv.o)
                0x0000000000009da0                nvOpen
 *fill*         0x0000000000009ecc        0x4 
 .text.nvIoctl  0x0000000000009ed0      0x218 C:/devkitPro/libnx/lib\libnx.a(nv.o)
                0x0000000000009ed0                nvIoctl
 *fill*         0x000000000000a0e8        0x8 
 .text.nvClose  0x000000000000a0f0       0xdc C:/devkitPro/libnx/lib\libnx.a(nv.o)
                0x000000000000a0f0                nvClose
 *fill*         0x000000000000a1cc        0x4 
 .text.nvQueryEvent
                0x000000000000a1d0      0x13c C:/devkitPro/libnx/lib\libnx.a(nv.o)
                0x000000000000a1d0                nvQueryEvent
 *fill*         0x000000000000a30c        0x4 
 .text.ipcCloseObjectById
                0x000000000000a310       0x34 C:/devkitPro/libnx/lib\libnx.a(fs.o)
 *fill*         0x000000000000a344        0xc 
 .text.fsInitialize
                0x000000000000a350      0x124 C:/devkitPro/libnx/lib\libnx.a(fs.o)
                0x000000000000a350                fsInitialize
 *fill*         0x000000000000a474        0xc 
 .text.fsExit   0x000000000000a480       0x9c C:/devkitPro/libnx/lib\libnx.a(fs.o)
                0x000000000000a480                fsExit
 *fill*         0x000000000000a51c        0x4 
 .text.fsMountSdcard
                0x000000000000a520      0x134 C:/devkitPro/libnx/lib\libnx.a(fs.o)
                0x000000000000a520                fsMountSdcard
 *fill*         0x000000000000a654        0xc 
 .text.fsFsCreateFile
                0x000000000000a660       0xf4 C:/devkitPro/libnx/lib\libnx.a(fs.o)
                0x000000000000a660                fsFsCreateFile
 *fill*         0x000000000000a754        0xc 
 .text.fsFsDeleteFile
                0x000000000000a760       0xf0 C:/devkitPro/libnx/lib\libnx.a(fs.o)
                0x000000000000a760                fsFsDeleteFile
 .text.fsFsCreateDirectory
                0x000000000000a850       0xf0 C:/devkitPro/libnx/lib\libnx.a(fs.o)
                0x000000000000a850                fsFsCreateDirectory
 .text.fsFsDeleteDirectory
                0x000000000000a940       0xf0 C:/devkitPro/libnx/lib\libnx.a(fs.o)
                0x000000000000a940                fsFsDeleteDirectory
 .text.fsFsRenameFile
                0x000000000000aa30      0x11c C:/devkitPro/libnx/lib\libnx.a(fs.o)
                0x000000000000aa30                fsFsRenameFile
 *fill*         0x000000000000ab4c        0x4 
 .text.fsFsRenameDirectory
                0x000000000000ab50      0x11c C:/devkitPro/libnx/lib\libnx.a(fs.o)
                0x000000000000ab50                fsFsRenameDirectory
 *fill*         0x000000000000ac6c        0x4 
 .text.fsFsGetEntryType
                0x000000000000ac70      0x104 C:/devkitPro/libnx/lib\libnx.a(fs.o)
                0x000000000000ac70                fsFsGetEntryType
 *fill*         0x000000000000ad74        0xc 
 .text.fsFsOpenFile
                0x000000000000ad80      0x154 C:/devkitPro/libnx/lib\libnx.a(fs.o)
                0x000000000000ad80                fsFsOpenFile
 *fill*         0x000000000000aed4        0xc 
 .text.fsFsOpenDirectory
                0x000000000000aee0      0x14c C:/devkitPro/libnx/lib\libnx.a(fs.o)
                0x000000000000aee0                fsFsOpenDirectory
 *fill*         0x000000000000b02c        0x4 
 .text.fsFsGetFreeSpace
                0x000000000000b030      0x104 C:/devkitPro/libnx/lib\libnx.a(fs.o)
                0x000000000000b030                fsFsGetFreeSpace
 *fill*         0x000000000000b134        0xc 
 .text.fsFsGetTotalSpace
                0x000000000000b140      0x104 C:/devkitPro/libnx/lib\libnx.a(fs.o)
                0x000000000000b140                fsFsGetTotalSpace
 *fill*         0x000000000000b244        0xc 
 .text.fsFsClose
                0x000000000000b250       0x6c C:/devkitPro/libnx/lib\libnx.a(fs.o)
                0x000000000000b250                fsFsClose
 *fill*         0x000000000000b2bc        0x4 
 .text.fsFileRead
                0x000000000000b2c0      0x108 C:/devkitPro/libnx/lib\libnx.a(fs.o)
                0x000000000000b2c0                fsFileRead
 *fill*         0x000000000000b3c8        0x8 
 .text.fsFileWrite
                0x000000000000b3d0       0xf8 C:/devkitPro/libnx/lib\libnx.a(fs.o)
                0x000000000000b3d0                fsFileWrite
 *fill*         0x000000000000b4c8        0x8 
 .text.fsFileFlush
                0x000000000000b4d0       0xc8 C:/devkitPro/libnx/lib\libnx.a(fs.o)
                0x000000000000b4d0                fsFileFlush
 *fill*         0x000000000000b598        0x8 
 .text.fsFileSetSize
                0x000000000000b5a0       0xc8 C:/devkitPro/libnx/lib\libnx.a(fs.o)
                0x000000000000b5a0                fsFileSetSize
 *fill*         0x000000000000b668        0x8 
 .text.fsFileGetSize
                0x000000000000b670       0xec C:/devkitPro/libnx/lib\libnx.a(fs.o)
                0x000000000000b670                fsFileGetSize
 *fill*         0x000000000000b75c        0x4 
 .text.fsFileClose
                0x000000000000b760       0x6c C:/devkitPro/libnx/lib\libnx.a(fs.o)
                0x000000000000b760                fsFileClose
 *fill*         0x000000000000b7cc        0x4 
 .text.fsDirClose
                0x000000000000b7d0       0x6c C:/devkitPro/libnx/lib\libnx.a(fs.o)
                0x000000000000b7d0                fsDirClose
 *fill*         0x000000000000b83c        0x4 
 .text.fsDirRead
                0x000000000000b840      0x110 C:/devkitPro/libnx/lib\libnx.a(fs.o)
                0x000000000000b840                fsDirRead
 .text.bufferProducerInitialize
                0x000000000000b950       0x10 C:/devkitPro/libnx/lib\libnx.a(buffer_producer.o)
                0x000000000000b950                bufferProducerInitialize
 .text.bufferProducerExit
                0x000000000000b960        0xc C:/devkitPro/libnx/lib\libnx.a(buffer_producer.o)
                0x000000000000b960                bufferProducerExit
 *fill*         0x000000000000b96c        0x4 
 .text.bufferProducerRequestBuffer
                0x000000000000b970      0x11c C:/devkitPro/libnx/lib\libnx.a(buffer_producer.o)
                0x000000000000b970                bufferProducerRequestBuffer
 *fill*         0x000000000000ba8c        0x4 
 .text.bufferProducerDequeueBuffer
                0x000000000000ba90      0x198 C:/devkitPro/libnx/lib\libnx.a(buffer_producer.o)
                0x000000000000ba90                bufferProducerDequeueBuffer
 *fill*         0x000000000000bc28        0x8 
 .text.bufferProducerDetachBuffer
                0x000000000000bc30       0x94 C:/devkitPro/libnx/lib\libnx.a(buffer_producer.o)
                0x000000000000bc30                bufferProducerDetachBuffer
 *fill*         0x000000000000bcc4        0xc 
 .text.bufferProducerQueueBuffer
                0x000000000000bcd0      0x108 C:/devkitPro/libnx/lib\libnx.a(buffer_producer.o)
                0x000000000000bcd0                bufferProducerQueueBuffer
 *fill*         0x000000000000bdd8        0x8 
 .text.bufferProducerQuery
                0x000000000000bde0       0xdc C:/devkitPro/libnx/lib\libnx.a(buffer_producer.o)
                0x000000000000bde0                bufferProducerQuery
 *fill*         0x000000000000bebc        0x4 
 .text.bufferProducerConnect
                0x000000000000bec0      0x110 C:/devkitPro/libnx/lib\libnx.a(buffer_producer.o)
                0x000000000000bec0                bufferProducerConnect
 .text.bufferProducerDisconnect
                0x000000000000bfd0       0x94 C:/devkitPro/libnx/lib\libnx.a(buffer_producer.o)
                0x000000000000bfd0                bufferProducerDisconnect
 *fill*         0x000000000000c064        0xc 
 .text.bufferProducerGraphicBufferInit
                0x000000000000c070      0x100 C:/devkitPro/libnx/lib\libnx.a(buffer_producer.o)
                0x000000000000c070                bufferProducerGraphicBufferInit
 .text._binderTransactParcelAuto
                0x000000000000c170      0x248 C:/devkitPro/libnx/lib\libnx.a(binder.o)
 *fill*         0x000000000000c3b8        0x8 
 .text.ipcQueryPointerBufferSize
                0x000000000000c3c0       0xc8 C:/devkitPro/libnx/lib\libnx.a(binder.o)
 *fill*         0x000000000000c488        0x8 
 .text._binderTransactParcel
                0x000000000000c490      0x138 C:/devkitPro/libnx/lib\libnx.a(binder.o)
 *fill*         0x000000000000c5c8        0x8 
 .text.binderCreateSession
                0x000000000000c5d0       0x18 C:/devkitPro/libnx/lib\libnx.a(binder.o)
                0x000000000000c5d0                binderCreateSession
 *fill*         0x000000000000c5e8        0x8 
 .text.binderTransactParcel
                0x000000000000c5f0       0x10 C:/devkitPro/libnx/lib\libnx.a(binder.o)
                0x000000000000c5f0                binderTransactParcel
 .text.binderAdjustRefcount
                0x000000000000c600       0xe4 C:/devkitPro/libnx/lib\libnx.a(binder.o)
                0x000000000000c600                binderAdjustRefcount
 *fill*         0x000000000000c6e4        0xc 
 .text.binderExitSession
                0x000000000000c6f0       0x68 C:/devkitPro/libnx/lib\libnx.a(binder.o)
                0x000000000000c6f0                binderExitSession
 *fill*         0x000000000000c758        0x8 
 .text.binderGetNativeHandle
                0x000000000000c760      0x13c C:/devkitPro/libnx/lib\libnx.a(binder.o)
                0x000000000000c760                binderGetNativeHandle
 *fill*         0x000000000000c89c        0x4 
 .text.binderInitSession
                0x000000000000c8a0      0x120 C:/devkitPro/libnx/lib\libnx.a(binder.o)
                0x000000000000c8a0                binderInitSession
 .text.parcelInitialize
                0x000000000000c9c0       0x28 C:/devkitPro/libnx/lib\libnx.a(parcel.o)
                0x000000000000c9c0                parcelInitialize
 *fill*         0x000000000000c9e8        0x8 
 .text.parcelTransact
                0x000000000000c9f0      0x190 C:/devkitPro/libnx/lib\libnx.a(parcel.o)
                0x000000000000c9f0                parcelTransact
 .text.parcelWriteData
                0x000000000000cb80       0x88 C:/devkitPro/libnx/lib\libnx.a(parcel.o)
                0x000000000000cb80                parcelWriteData
 *fill*         0x000000000000cc08        0x8 
 .text.parcelReadData
                0x000000000000cc10       0x98 C:/devkitPro/libnx/lib\libnx.a(parcel.o)
                0x000000000000cc10                parcelReadData
 *fill*         0x000000000000cca8        0x8 
 .text.parcelWriteInt32
                0x000000000000ccb0       0x20 C:/devkitPro/libnx/lib\libnx.a(parcel.o)
                0x000000000000ccb0                parcelWriteInt32
 .text.parcelWriteUInt32
                0x000000000000ccd0       0x20 C:/devkitPro/libnx/lib\libnx.a(parcel.o)
                0x000000000000ccd0                parcelWriteUInt32
 .text.parcelWriteString16
                0x000000000000ccf0       0x80 C:/devkitPro/libnx/lib\libnx.a(parcel.o)
                0x000000000000ccf0                parcelWriteString16
 .text.parcelWriteInterfaceToken
                0x000000000000cd70       0x30 C:/devkitPro/libnx/lib\libnx.a(parcel.o)
                0x000000000000cd70                parcelWriteInterfaceToken
 .text.parcelReadInt32
                0x000000000000cda0       0x24 C:/devkitPro/libnx/lib\libnx.a(parcel.o)
                0x000000000000cda0                parcelReadInt32
 *fill*         0x000000000000cdc4        0xc 
 .text.parcelReadFlattenedObject
                0x000000000000cdd0       0x68 C:/devkitPro/libnx/lib\libnx.a(parcel.o)
                0x000000000000cdd0                parcelReadFlattenedObject
 *fill*         0x000000000000ce38        0x8 
 .text.parcelWriteFlattenedObject
                0x000000000000ce40       0x44 C:/devkitPro/libnx/lib\libnx.a(parcel.o)
                0x000000000000ce40                parcelWriteFlattenedObject
 *fill*         0x000000000000ce84        0xc 
 .text.decode_utf8
                0x000000000000ce90      0x12c C:/devkitPro/libnx/lib\libnx.a(decode_utf8.o)
                0x000000000000ce90                decode_utf8
 .text.__aarch64_read_tp
                0x000000000000cfbc        0xc C:/devkitPro/libnx/lib\libnx.a(readtp.o)
                0x000000000000cfbc                __aarch64_read_tp
 *fill*         0x000000000000cfc8        0x8 
 .text.nxlinkSetup
                0x000000000000cfd0       0xc4 C:/devkitPro/libnx/lib\libnx.a(nxlink.o)
                0x000000000000cfd0                nxlinkSetup
 *fill*         0x000000000000d094        0xc 
 .text.tmemCreate
                0x000000000000d0a0       0x7c C:/devkitPro/libnx/lib\libnx.a(tmem.o)
                0x000000000000d0a0                tmemCreate
 *fill*         0x000000000000d11c        0x4 
 .text.tmemUnmap
                0x000000000000d120       0x58 C:/devkitPro/libnx/lib\libnx.a(tmem.o)
                0x000000000000d120                tmemUnmap
 *fill*         0x000000000000d178        0x8 
 .text.tmemClose
                0x000000000000d180       0x68 C:/devkitPro/libnx/lib\libnx.a(tmem.o)
                0x000000000000d180                tmemClose
 .text.bsearch  0x000000000000d1e8       0xb8 c:/devkitpro/devkita64/bin/../lib/gcc/aarch64-none-elf/8.1.0/../../../../aarch64-none-elf/lib/pic\libg.a(lib_a-bsearch.o)
                0x000000000000d1e8                bsearch
 .text.__libc_fini_array
                0x000000000000d2a0       0x44 c:/devkitpro/devkita64/bin/../lib/gcc/aarch64-none-elf/8.1.0/../../../../aarch64-none-elf/lib/pic\libg.a(lib_a-fini.o)
                0x000000000000d2a0                __libc_fini_array
 *fill*         0x000000000000d2e4        0x4 
 .text.__libc_init_array
                0x000000000000d2e8       0x8c c:/devkitpro/devkita64/bin/../lib/gcc/aarch64-none-elf/8.1.0/../../../../aarch64-none-elf/lib/pic\libg.a(lib_a-init.o)
                0x000000000000d2e8                __libc_init_array
 *fill*         0x000000000000d374        0x4 
 .text.__locale_ctype_ptr_l
                0x000000000000d378        0x8 c:/devkitpro/devkita64/bin/../lib/gcc/aarch64-none-elf/8.1.0/../../../../aarch64-none-elf/lib/pic\libg.a(lib_a-locale.o)
                0x000000000000d378                __locale_ctype_ptr_l
 .text.__locale_ctype_ptr
                0x000000000000d380       0x2c c:/devkitpro/devkita64/bin/../lib/gcc/aarch64-none-elf/8.1.0/../../../../aarch64-none-elf/lib/pic\libg.a(lib_a-locale.o)
                0x000000000000d380                __locale_ctype_ptr
 *fill*         0x000000000000d3ac        0x4 
 .text.memalign
                0x000000000000d3b0       0x30 c:/devkitpro/devkita64/bin/../lib/gcc/aarch64-none-elf/8.1.0/../../../../aarch64-none-elf/lib/pic\libg.a(lib_a-malign.o)
                0x000000000000d3b0                memalign
 .text._memalign_r
                0x000000000000d3e0      0x198 c:/devkitpro/devkita64/bin/../lib/gcc/aarch64-none-elf/8.1.0/../../../../aarch64-none-elf/lib/pic\libg.a(lib_a-malignr.o)
                0x000000000000d3e0                _memalign_r
 .text.free     0x000000000000d578       0x1c c:/devkitpro/devkita64/bin/../lib/gcc/aarch64-none-elf/8.1.0/../../../../aarch64-none-elf/lib/pic\libg.a(lib_a-malloc.o)
                0x000000000000d578                free
 *fill*         0x000000000000d594        0x4 
 .text._malloc_r
                0x000000000000d598      0x844 c:/devkitpro/devkita64/bin/../lib/gcc/aarch64-none-elf/8.1.0/../../../../aarch64-none-elf/lib/pic\libg.a(lib_a-mallocr.o)
                0x000000000000d598                _malloc_r
 *fill*         0x000000000000dddc        0x4 
 .text.__utf8_mbtowc
                0x000000000000dde0      0x2c8 c:/devkitpro/devkita64/bin/../lib/gcc/aarch64-none-elf/8.1.0/../../../../aarch64-none-elf/lib/pic\libg.a(lib_a-mbtowc_r.o)
                0x000000000000dde0                __utf8_mbtowc
 *fill*         0x000000000000e0a8       0x18 
 .text          0x000000000000e0c0      0x16c c:/devkitpro/devkita64/bin/../lib/gcc/aarch64-none-elf/8.1.0/../../../../aarch64-none-elf/lib/pic\libg.a(lib_a-memcpy.o)
                0x000000000000e0c0                memcpy
 *fill*         0x000000000000e22c       0x14 
 .text          0x000000000000e240      0x1d8 c:/devkitpro/devkita64/bin/../lib/gcc/aarch64-none-elf/8.1.0/../../../../aarch64-none-elf/lib/pic\libg.a(lib_a-memset.o)
                0x000000000000e240                memset
 .text.__malloc_lock
                0x000000000000e418        0xc c:/devkitpro/devkita64/bin/../lib/gcc/aarch64-none-elf/8.1.0/../../../../aarch64-none-elf/lib/pic\libg.a(lib_a-mlock.o)
                0x000000000000e418                __malloc_lock
 *fill*         0x000000000000e424        0x4 
 .text.__malloc_unlock
                0x000000000000e428        0xc c:/devkitpro/devkita64/bin/../lib/gcc/aarch64-none-elf/8.1.0/../../../../aarch64-none-elf/lib/pic\libg.a(lib_a-mlock.o)
                0x000000000000e428                __malloc_unlock
 .text          0x000000000000e434       0xdc c:/devkitpro/devkita64/bin/../lib/gcc/aarch64-none-elf/8.1.0/../../../../aarch64-none-elf/lib/pic\libg.a(lib_a-strchr.o)
                0x000000000000e434                strchr
 *fill*         0x000000000000e510       0x30 
 .text          0x000000000000e540       0xa4 c:/devkitpro/devkita64/bin/../lib/gcc/aarch64-none-elf/8.1.0/../../../../aarch64-none-elf/lib/pic\libg.a(lib_a-strcmp.o)
                0x000000000000e540                strcmp
 *fill*         0x000000000000e5e4       0x1c 
 .text          0x000000000000e600      0x140 c:/devkitpro/devkita64/bin/../lib/gcc/aarch64-none-elf/8.1.0/../../../../aarch64-none-elf/lib/pic\libg.a(lib_a-strlen.o)
                0x000000000000e600                strlen
 .text.strncat  0x000000000000e740       0x84 c:/devkitpro/devkita64/bin/../lib/gcc/aarch64-none-elf/8.1.0/../../../../aarch64-none-elf/lib/pic\libg.a(lib_a-strncat.o)
                0x000000000000e740                strncat
 *fill*         0x000000000000e7c4       0x3c 
 .text          0x000000000000e800      0x124 c:/devkitpro/devkita64/bin/../lib/gcc/aarch64-none-elf/8.1.0/../../../../aarch64-none-elf/lib/pic\libg.a(lib_a-strncmp.o)
                0x000000000000e81c                strncmp
 *fill*         0x000000000000e924        0x4 
 .text.strncpy  0x000000000000e928       0xa8 c:/devkitpro/devkita64/bin/../lib/gcc/aarch64-none-elf/8.1.0/../../../../aarch64-none-elf/lib/pic\libg.a(lib_a-strncpy.o)
                0x000000000000e928                strncpy
 *fill*         0x000000000000e9d0       0x30 
 .text          0x000000000000ea00       0xe0 c:/devkitpro/devkita64/bin/../lib/gcc/aarch64-none-elf/8.1.0/../../../../aarch64-none-elf/lib/pic\libg.a(lib_a-strnlen.o)
                0x000000000000ea24                strnlen
 .text._strtoul_l.isra.0
                0x000000000000eae0      0x1e0 c:/devkitpro/devkita64/bin/../lib/gcc/aarch64-none-elf/8.1.0/../../../../aarch64-none-elf/lib/pic\libg.a(lib_a-strtoul.o)
 .text.strtoul  0x000000000000ecc0       0x5c c:/devkitpro/devkita64/bin/../lib/gcc/aarch64-none-elf/8.1.0/../../../../aarch64-none-elf/lib/pic\libg.a(lib_a-strtoul.o)
                0x000000000000ecc0                strtoul
 *fill*         0x000000000000ed1c        0x4 
 .text.__utf8_wctomb
                0x000000000000ed20       0xe4 c:/devkitpro/devkita64/bin/../lib/gcc/aarch64-none-elf/8.1.0/../../../../aarch64-none-elf/lib/pic\libg.a(lib_a-wctomb_r.o)
                0x000000000000ed20                __utf8_wctomb
 *fill*         0x000000000000ee04        0x4 
 .text._malloc_trim_r
                0x000000000000ee08      0x118 c:/devkitpro/devkita64/bin/../lib/gcc/aarch64-none-elf/8.1.0/../../../../aarch64-none-elf/lib/pic\libg.a(lib_a-freer.o)
                0x000000000000ee08                _malloc_trim_r
 .text._free_r  0x000000000000ef20      0x2f4 c:/devkitpro/devkita64/bin/../lib/gcc/aarch64-none-elf/8.1.0/../../../../aarch64-none-elf/lib/pic\libg.a(lib_a-freer.o)
                0x000000000000ef20                _free_r
 *fill*         0x000000000000f214        0x4 
 .text.null_write
                0x000000000000f218        0x8 c:/devkitpro/devkita64/bin/../lib/gcc/aarch64-none-elf/8.1.0/../../../../aarch64-none-elf/lib/pic\libsysbase.a(iosupport.o)
 .text.setDefaultDevice
                0x000000000000f220       0x18 c:/devkitpro/devkita64/bin/../lib/gcc/aarch64-none-elf/8.1.0/../../../../aarch64-none-elf/lib/pic\libsysbase.a(iosupport.o)
                0x000000000000f220                setDefaultDevice
 .text.FindDevice
                0x000000000000f238       0xf8 c:/devkitpro/devkita64/bin/../lib/gcc/aarch64-none-elf/8.1.0/../../../../aarch64-none-elf/lib/pic\libsysbase.a(iosupport.o)
                0x000000000000f238                FindDevice
 .text.RemoveDevice
                0x000000000000f330       0x34 c:/devkitpro/devkita64/bin/../lib/gcc/aarch64-none-elf/8.1.0/../../../../aarch64-none-elf/lib/pic\libsysbase.a(iosupport.o)
                0x000000000000f330                RemoveDevice
 *fill*         0x000000000000f364        0x4 
 .text.AddDevice
                0x000000000000f368       0xd8 c:/devkitpro/devkita64/bin/../lib/gcc/aarch64-none-elf/8.1.0/../../../../aarch64-none-elf/lib/pic\libsysbase.a(iosupport.o)
                0x000000000000f368                AddDevice
 .text._sbrk_r  0x000000000000f440       0x78 c:/devkitpro/devkita64/bin/../lib/gcc/aarch64-none-elf/8.1.0/../../../../aarch64-none-elf/lib/pic\libsysbase.a(sbrk.o)
                0x000000000000f440                _sbrk_r
 .text._concatenate_path
                0x000000000000f4b8      0x224 c:/devkitpro/devkita64/bin/../lib/gcc/aarch64-none-elf/8.1.0/../../../../aarch64-none-elf/lib/pic\libsysbase.a(chdir.o)
                0x000000000000f4b8                _concatenate_path
 *fill*         0x000000000000f6dc        0x4 
 .text.chdir    0x000000000000f6e0      0x178 c:/devkitpro/devkita64/bin/../lib/gcc/aarch64-none-elf/8.1.0/../../../../aarch64-none-elf/lib/pic\libsysbase.a(chdir.o)
                0x000000000000f6e0                chdir
 .text.__libc_lock_acquire_recursive
                0x000000000000f858       0x18 c:/devkitpro/devkita64/bin/../lib/gcc/aarch64-none-elf/8.1.0/../../../../aarch64-none-elf/lib/pic\libsysbase.a(syscall_support.o)
                0x000000000000f858                __libc_lock_acquire_recursive
 .text.__libc_lock_release_recursive
                0x000000000000f870       0x18 c:/devkitpro/devkita64/bin/../lib/gcc/aarch64-none-elf/8.1.0/../../../../aarch64-none-elf/lib/pic\libsysbase.a(syscall_support.o)
                0x000000000000f870                __libc_lock_release_recursive
 .text.__getreent
                0x000000000000f888       0x24 c:/devkitpro/devkita64/bin/../lib/gcc/aarch64-none-elf/8.1.0/../../../../aarch64-none-elf/lib/pic\libsysbase.a(getreent.o)
                0x000000000000f888                __getreent
 .text          0x000000000000f8ac      0x100 c:/devkitpro/devkita64/bin/../lib/gcc/aarch64-none-elf/8.1.0/../../../../aarch64-none-elf/lib/pic\libg.a(lib_a-strrchr.o)
                0x000000000000f8ac                strrchr
                0x000000000000f9b0                . = ALIGN (0x8)
 *fill*         0x000000000000f9ac        0x4 

.fini           0x000000000000f9b0       0x38
 *(.fini)
 .fini          0x000000000000f9b0       0x18 c:/devkitpro/devkita64/bin/../lib/gcc/aarch64-none-elf/8.1.0/pic/crti.o
                0x000000000000f9b0                _fini
 .fini          0x000000000000f9c8       0x1c c:/devkitpro/devkita64/bin/../lib/gcc/aarch64-none-elf/8.1.0/pic/crtn.o
                0x000000000000f9e8                . = ALIGN (0x8)
 *fill*         0x000000000000f9e4        0x4 
                0x0000000000010000                . = ALIGN (0x1000)

.rodata         0x0000000000010000      0x2d0
 *(.rodata .rodata.* .gnu.linkonce.r.*)
 .rodata.CSWTCH.39
                0x0000000000010000       0x14 C:/devkitPro/libnx/lib\libnx.a(applet.o)
 *fill*         0x0000000000010014        0x4 
 .rodata.appletInitialize.str1.8
                0x0000000000010018       0x19 C:/devkitPro/libnx/lib\libnx.a(applet.o)
 *fill*         0x0000000000010031        0x7 
 .rodata.hidInitialize.str1.8
                0x0000000000010038        0x4 C:/devkitPro/libnx/lib\libnx.a(hid.o)
 *fill*         0x000000000001003c        0x4 
 .rodata.smInitialize.str1.8
                0x0000000000010040        0x4 C:/devkitPro/libnx/lib\libnx.a(sm.o)
                                          0x9 (size before relaxing)
 *fill*         0x0000000000010044        0x4 
 .rodata.apmInitialize.str1.8
                0x0000000000010048        0xc C:/devkitPro/libnx/lib\libnx.a(apm.o)
 *fill*         0x0000000000010054        0x4 
 .rodata.fatalSimple.str1.8
                0x0000000000010058        0x8 C:/devkitPro/libnx/lib\libnx.a(fatal.o)
 .rodata.gfxInitDefault.str1.8
                0x0000000000010060        0x8 C:/devkitPro/libnx/lib\libnx.a(gfx.o)
 .rodata.nvgfxInitialize.str1.8
                0x0000000000010068       0x61 C:/devkitPro/libnx/lib\libnx.a(nvgfx.o)
 *fill*         0x00000000000100c9        0x7 
 .rodata._fsdevUnmountDeviceStruct.part.4.str1.8
                0x00000000000100d0        0x2 C:/devkitPro/libnx/lib\libnx.a(fs_dev.o)
 *fill*         0x00000000000100d2        0x6 
 .rodata.error_table
                0x00000000000100d8       0x18 C:/devkitPro/libnx/lib\libnx.a(fs_dev.o)
 .rodata.fsdevMountSdmc.str1.8
                0x00000000000100f0        0x5 C:/devkitPro/libnx/lib\libnx.a(fs_dev.o)
 *fill*         0x00000000000100f5        0x3 
 .rodata.timeInitialize.str1.8
                0x00000000000100f8        0xf C:/devkitPro/libnx/lib\libnx.a(time.o)
 *fill*         0x0000000000010107        0x1 
 .rodata.viInitialize.str1.8
                0x0000000000010108       0x15 C:/devkitPro/libnx/lib\libnx.a(vi.o)
 *fill*         0x000000000001011d        0x3 
 .rodata.nvInitialize.str1.8
                0x0000000000010120       0x20 C:/devkitPro/libnx/lib\libnx.a(nv.o)
 .rodata.fsInitialize.str1.8
                0x0000000000010140        0x8 C:/devkitPro/libnx/lib\libnx.a(fs.o)
 .rodata.nxlinkSetup.str1.8
                0x0000000000010148        0x9 C:/devkitPro/libnx/lib\libnx.a(nxlink.o)
 *fill*         0x0000000000010151        0x7 
 .rodata.str1.8
                0x0000000000010158       0x5c c:/devkitpro/devkita64/bin/../lib/gcc/aarch64-none-elf/8.1.0/../../../../aarch64-none-elf/lib/pic\libg.a(lib_a-locale.o)
                                         0x64 (size before relaxing)
 *fill*         0x00000000000101b4        0x4 
 .rodata._ctype_
                0x00000000000101b8      0x101 c:/devkitpro/devkita64/bin/../lib/gcc/aarch64-none-elf/8.1.0/../../../../aarch64-none-elf/lib/pic\libg.a(lib_a-ctype_.o)
                0x00000000000101b8                _ctype_
 *fill*         0x00000000000102b9        0x7 
 .rodata.AddDevice.str1.8
                0x00000000000102c0        0x8 c:/devkitpro/devkita64/bin/../lib/gcc/aarch64-none-elf/8.1.0/../../../../aarch64-none-elf/lib/pic\libsysbase.a(iosupport.o)
 .rodata.DIRECTORY_PARENT
                0x00000000000102c8        0x3 c:/devkitpro/devkita64/bin/../lib/gcc/aarch64-none-elf/8.1.0/../../../../aarch64-none-elf/lib/pic\libsysbase.a(chdir.o)
                0x00000000000102c8                DIRECTORY_PARENT
                0x00000000000102d0                . = ALIGN (0x8)
 *fill*         0x00000000000102cb        0x5 

.eh_frame_hdr
 *(.eh_frame_hdr)
 *(.eh_frame_entry .eh_frame_entry.*)

.eh_frame       0x00000000000102d0      0x1c0
 *(.eh_frame)
 .eh_frame      0x00000000000102d0        0x0 c:/devkitpro/devkita64/bin/../lib/gcc/aarch64-none-elf/8.1.0/pic/crtbegin.o
 .eh_frame      0x00000000000102d0       0x28 C:/devkitPro/libnx/lib\libnx.a(cache.o)
                                         0x68 (size before relaxing)
 .eh_frame      0x00000000000102f8      0x180 C:/devkitPro/libnx/lib\libnx.a(svc.o)
                                        0x720 (size before relaxing)
 .eh_frame      0x0000000000010478       0x14 C:/devkitPro/libnx/lib\libnx.a(readtp.o)
                                         0x28 (size before relaxing)
 .eh_frame      0x000000000001048c        0x4 c:/devkitpro/devkita64/bin/../lib/gcc/aarch64-none-elf/8.1.0/pic/crtend.o
 *(.eh_frame.*)

.gcc_except_table
 *(.gcc_except_table .gcc_except_table.*)

.gnu_extab
 *(.gnu_extab*)

.dynamic        0x0000000000010490      0x160
 *(.dynamic)
 .dynamic       0x0000000000010490      0x160 c:/devkitpro/devkita64/bin/../lib/gcc/aarch64-none-elf/8.1.0/pic/crti.o
                0x0000000000010490                _DYNAMIC

.interp         0x00000000000105f0        0xd
 *(.interp)
 .interp        0x00000000000105f0        0xd c:/devkitpro/devkita64/bin/../lib/gcc/aarch64-none-elf/8.1.0/pic/crti.o

.note.gnu.build-id
 *(.note.gnu.build-id)

.hash           0x0000000000010600       0x18
 *(.hash)
 .hash          0x0000000000010600       0x18 c:/devkitpro/devkita64/bin/../lib/gcc/aarch64-none-elf/8.1.0/pic/crti.o

.gnu.hash
 *(.gnu.hash)

.gnu.version    0x0000000000010618        0x0
 *(.gnu.version)
 .gnu.version   0x0000000000010618        0x0 c:/devkitpro/devkita64/bin/../lib/gcc/aarch64-none-elf/8.1.0/pic/crti.o

.gnu.version_d  0x0000000000010618        0x0
 *(.gnu.version_d)
 .gnu.version_d
                0x0000000000010618        0x0 c:/devkitpro/devkita64/bin/../lib/gcc/aarch64-none-elf/8.1.0/pic/crti.o

.gnu.version_r  0x0000000000010618        0x0
 *(.gnu.version_r)
 .gnu.version_r
                0x0000000000010618        0x0 c:/devkitpro/devkita64/bin/../lib/gcc/aarch64-none-elf/8.1.0/pic/crti.o

.dynsym         0x0000000000010618       0x48
 *(.dynsym)
 .dynsym        0x0000000000010618       0x48 c:/devkitpro/devkita64/bin/../lib/gcc/aarch64-none-elf/8.1.0/pic/crti.o

.dynstr         0x0000000000010660        0x1
 *(.dynstr)
 .dynstr        0x0000000000010660        0x1 c:/devkitpro/devkita64/bin/../lib/gcc/aarch64-none-elf/8.1.0/pic/crti.o

.rela.dyn       0x0000000000010668     0x2268
 *(.rela.*)
 .rela.got      0x0000000000010668      0x4e0 c:/devkitpro/devkita64/bin/../lib/gcc/aarch64-none-elf/8.1.0/pic/crti.o
 .rela.plt      0x0000000000010b48        0x0 c:/devkitpro/devkita64/bin/../lib/gcc/aarch64-none-elf/8.1.0/pic/crti.o
 .rela.bss      0x0000000000010b48        0x0 c:/devkitpro/devkita64/bin/../lib/gcc/aarch64-none-elf/8.1.0/pic/crti.o
 .rela.data.rel.ro
                0x0000000000010b48        0x0 c:/devkitpro/devkita64/bin/../lib/gcc/aarch64-none-elf/8.1.0/pic/crti.o
 .rela.init_array
                0x0000000000010b48       0x18 c:/devkitpro/devkita64/bin/../lib/gcc/aarch64-none-elf/8.1.0/pic/crti.o
 .rela.fini_array
                0x0000000000010b60       0x18 c:/devkitpro/devkita64/bin/../lib/gcc/aarch64-none-elf/8.1.0/pic/crti.o
 .rela.ifunc    0x0000000000010b78        0x0 c:/devkitpro/devkita64/bin/../lib/gcc/aarch64-none-elf/8.1.0/pic/crti.o
 .rela.data.rel.ro.local.fsdev_devoptab
                0x0000000000010b78      0x210 c:/devkitpro/devkita64/bin/../lib/gcc/aarch64-none-elf/8.1.0/pic/crti.o
 .rela.data.rel.local._impure_ptr
                0x0000000000010d88       0x18 c:/devkitpro/devkita64/bin/../lib/gcc/aarch64-none-elf/8.1.0/pic/crti.o
 .rela.data.rel.local.impure_data
                0x0000000000010da0       0x48 c:/devkitpro/devkita64/bin/../lib/gcc/aarch64-none-elf/8.1.0/pic/crti.o
 .rela.data.rel.__global_locale
                0x0000000000010de8      0x138 c:/devkitpro/devkita64/bin/../lib/gcc/aarch64-none-elf/8.1.0/pic/crti.o
 .rela.data.rel.__malloc_av_
                0x0000000000010f20     0x1800 c:/devkitpro/devkita64/bin/../lib/gcc/aarch64-none-elf/8.1.0/pic/crti.o
 .rela.data.rel.devoptab_list
                0x0000000000012720      0x180 c:/devkitpro/devkita64/bin/../lib/gcc/aarch64-none-elf/8.1.0/pic/crti.o
 .rela.data.rel.ro.local.dotab_stdnull
                0x00000000000128a0       0x30 c:/devkitpro/devkita64/bin/../lib/gcc/aarch64-none-elf/8.1.0/pic/crti.o
                0x0000000000013000                . = ALIGN (0x1000)

.eh_frame
 *(.eh_frame)
 *(.eh_frame.*)

.gcc_except_table
 *(.gcc_except_table .gcc_except_table.*)

.gnu_extab
 *(.gnu_extab*)

.exception_ranges
 *(.exception_ranges .exception_ranges*)

.tdata          0x0000000000013000        0x0
                0x0000000000013000                __tdata_lma = .
 *(.tdata .tdata.* .gnu.linkonce.td.*)
                0x0000000000013000                . = ALIGN (0x8)
                0x0000000000013000                __tdata_lma_end = .

.tbss           0x0000000000013000     0x4408
 *(.tbss .tbss.* .gnu.linkonce.tb.*)
 .tbss.__fixedpath
                0x0000000000013000      0x401 C:/devkitPro/libnx/lib\libnx.a(fs_dev.o)
 *fill*         0x0000000000013401        0x7 
 .tbss.tmp_buffer.6653
                0x0000000000013408     0x2000 C:/devkitPro/libnx/lib\libnx.a(fs_dev.o)
 .tbss.tmp_buffer.6677
                0x0000000000015408     0x2000 C:/devkitPro/libnx/lib\libnx.a(fs_dev.o)
 *(.tcommon)
                0x0000000000017408                . = ALIGN (0x8)

.preinit_array  0x0000000000013000        0x0
                0x0000000000013000                PROVIDE (__preinit_array_start = .)
 *(.preinit_array)
                0x0000000000013000                PROVIDE (__preinit_array_end = .)

.init_array     0x0000000000013000        0x8
                0x0000000000013000                PROVIDE (__init_array_start = .)
 *(SORT_BY_NAME(.init_array.*))
 *(.init_array)
 .init_array    0x0000000000013000        0x8 c:/devkitpro/devkita64/bin/../lib/gcc/aarch64-none-elf/8.1.0/pic/crtbegin.o
                0x0000000000013008                PROVIDE (__init_array_end = .)

.fini_array     0x0000000000013008        0x8
                0x0000000000013008                PROVIDE (__fini_array_start = .)
 *(.fini_array)
 .fini_array    0x0000000000013008        0x8 c:/devkitpro/devkita64/bin/../lib/gcc/aarch64-none-elf/8.1.0/pic/crtbegin.o
 *(SORT_BY_NAME(.fini_array.*))
                0x0000000000013010                PROVIDE (__fini_array_end = .)

.ctors
 *crtbegin.o(.ctors)
 *(EXCLUDE_FILE(*crtend.o) .ctors)
 *(SORT_BY_NAME(.ctors.*))
 *(.ctors)

.dtors
 *crtbegin.o(.dtors)
 *(EXCLUDE_FILE(*crtend.o) .dtors)
 *(SORT_BY_NAME(.dtors.*))
 *(.dtors)
                0x0000000000013010                __got_start__ = .

.got            0x0000000000013010      0x1c8
 *(.got)
 .got           0x0000000000013010      0x1c8 c:/devkitpro/devkita64/bin/../lib/gcc/aarch64-none-elf/8.1.0/pic/crti.o
                0x0000000000013010                _GLOBAL_OFFSET_TABLE_
 *(.igot)

.got.plt        0x00000000000131d8       0x18
 *(.got.plt)
 .got.plt       0x00000000000131d8       0x18 c:/devkitpro/devkita64/bin/../lib/gcc/aarch64-none-elf/8.1.0/pic/crti.o
 *(.igot.plt)
                0x00000000000131f0                __got_end__ = .

.data           0x00000000000131f0     0x1d90
 *(.data .data.* .gnu.linkonce.d.*)
 .data.rel.ro   0x00000000000131f0        0x0 c:/devkitpro/devkita64/bin/../lib/gcc/aarch64-none-elf/8.1.0/pic/crti.o
 .data.__nx_applet_auto_notifyrunning
                0x00000000000131f0        0x1 C:/devkitPro/libnx/lib\libnx.a(applet.o)
                0x00000000000131f0                __nx_applet_auto_notifyrunning
 *fill*         0x00000000000131f1        0x3 
 .data.__nx_applet_type
                0x00000000000131f4        0x4 C:/devkitPro/libnx/lib\libnx.a(applet.o)
                0x00000000000131f4                __nx_applet_type
 .data.g_gfxMode
                0x00000000000131f8        0x4 C:/devkitPro/libnx/lib\libnx.a(gfx.o)
 *fill*         0x00000000000131fc        0x4 
 .data.g_gfxQueueBufferData
                0x0000000000013200       0x54 C:/devkitPro/libnx/lib\libnx.a(gfx.o)
 *fill*         0x0000000000013254        0x4 
 .data.g_gfx_BufferInitData
                0x0000000000013258      0x16c C:/devkitPro/libnx/lib\libnx.a(gfx.o)
 .data.g_gfx_drawflip
                0x00000000000133c4        0x1 C:/devkitPro/libnx/lib\libnx.a(gfx.o)
                0x00000000000133c4                g_gfx_drawflip
 *fill*         0x00000000000133c5        0x3 
 .data.__nx_time_type
                0x00000000000133c8        0x4 C:/devkitPro/libnx/lib\libnx.a(newlib.o)
                0x00000000000133c8                __nx_time_type
 *fill*         0x00000000000133cc        0x4 
 .data.__cwd    0x00000000000133d0      0x401 C:/devkitPro/libnx/lib\libnx.a(fs_dev.o)
 *fill*         0x00000000000137d1        0x3 
 .data.fsdev_fsdevice_cwd
                0x00000000000137d4        0x4 C:/devkitPro/libnx/lib\libnx.a(fs_dev.o)
 .data.fsdev_fsdevice_default
                0x00000000000137d8        0x4 C:/devkitPro/libnx/lib\libnx.a(fs_dev.o)
 *fill*         0x00000000000137dc        0x4 
 .data.rel.ro.local.fsdev_devoptab
                0x00000000000137e0       0xd0 C:/devkitPro/libnx/lib\libnx.a(fs_dev.o)
 .data.g_viServiceType
                0x00000000000138b0        0x4 C:/devkitPro/libnx/lib\libnx.a(vi.o)
 .data.g_nvServiceType
                0x00000000000138b4        0x4 C:/devkitPro/libnx/lib\libnx.a(nv.o)
 .data.g_bufferProducer_InterfaceDescriptor
                0x00000000000138b8       0x23 C:/devkitPro/libnx/lib\libnx.a(buffer_producer.o)
 *fill*         0x00000000000138db        0x5 
 .data.rel.local._impure_ptr
                0x00000000000138e0        0x8 c:/devkitpro/devkita64/bin/../lib/gcc/aarch64-none-elf/8.1.0/../../../../aarch64-none-elf/lib/pic\libg.a(lib_a-impure.o)
                0x00000000000138e0                _impure_ptr
 .data.rel.local.impure_data
                0x00000000000138e8      0x768 c:/devkitpro/devkita64/bin/../lib/gcc/aarch64-none-elf/8.1.0/../../../../aarch64-none-elf/lib/pic\libg.a(lib_a-impure.o)
 .data.rel.__global_locale
                0x0000000000014050      0x1a8 c:/devkitpro/devkita64/bin/../lib/gcc/aarch64-none-elf/8.1.0/../../../../aarch64-none-elf/lib/pic\libg.a(lib_a-locale.o)
                0x0000000000014050                __global_locale
 .data.__malloc_sbrk_base
                0x00000000000141f8        0x8 c:/devkitpro/devkita64/bin/../lib/gcc/aarch64-none-elf/8.1.0/../../../../aarch64-none-elf/lib/pic\libg.a(lib_a-mallocr.o)
                0x00000000000141f8                __malloc_sbrk_base
 .data.__malloc_trim_threshold
                0x0000000000014200        0x8 c:/devkitpro/devkita64/bin/../lib/gcc/aarch64-none-elf/8.1.0/../../../../aarch64-none-elf/lib/pic\libg.a(lib_a-mallocr.o)
                0x0000000000014200                __malloc_trim_threshold
 .data.rel.__malloc_av_
                0x0000000000014208      0x810 c:/devkitpro/devkita64/bin/../lib/gcc/aarch64-none-elf/8.1.0/../../../../aarch64-none-elf/lib/pic\libg.a(lib_a-mallocr.o)
                0x0000000000014208                __malloc_av_
 .data.defaultDevice
                0x0000000000014a18        0x4 c:/devkitpro/devkita64/bin/../lib/gcc/aarch64-none-elf/8.1.0/../../../../aarch64-none-elf/lib/pic\libsysbase.a(iosupport.o)
 *fill*         0x0000000000014a1c        0x4 
 .data.rel.devoptab_list
                0x0000000000014a20       0x80 c:/devkitpro/devkita64/bin/../lib/gcc/aarch64-none-elf/8.1.0/../../../../aarch64-none-elf/lib/pic\libsysbase.a(iosupport.o)
                0x0000000000014a20                devoptab_list
 .data.rel.ro.local.dotab_stdnull
                0x0000000000014aa0       0xe0 c:/devkitpro/devkita64/bin/../lib/gcc/aarch64-none-elf/8.1.0/../../../../aarch64-none-elf/lib/pic\libsysbase.a(iosupport.o)
                0x0000000000014aa0                dotab_stdnull
 .data._current_working_directory
                0x0000000000014b80      0x400 c:/devkitpro/devkita64/bin/../lib/gcc/aarch64-none-elf/8.1.0/../../../../aarch64-none-elf/lib/pic\libsysbase.a(chdir.o)
                0x0000000000014f80                __bss_start__ = .

.tm_clone_table
                0x0000000000014f80        0x0
 .tm_clone_table
                0x0000000000014f80        0x0 c:/devkitpro/devkita64/bin/../lib/gcc/aarch64-none-elf/8.1.0/pic/crtbegin.o
 .tm_clone_table
                0x0000000000014f80        0x0 c:/devkitpro/devkita64/bin/../lib/gcc/aarch64-none-elf/8.1.0/pic/crtend.o

.bss            0x0000000000014f80     0x7eb8
 *(.dynbss)
 .dynbss        0x0000000000014f80        0x0 c:/devkitpro/devkita64/bin/../lib/gcc/aarch64-none-elf/8.1.0/pic/crti.o
 *(.bss .bss.* .gnu.linkonce.b.*)
 .bss.completed.7822
                0x0000000000014f80        0x1 c:/devkitpro/devkita64/bin/../lib/gcc/aarch64-none-elf/8.1.0/pic/crtbegin.o
 *fill*         0x0000000000014f81        0x7 
 .bss.object.7827
                0x0000000000014f88       0x30 c:/devkitpro/devkita64/bin/../lib/gcc/aarch64-none-elf/8.1.0/pic/crtbegin.o
 .bss.__nx_applet_PerformanceConfiguration
                0x0000000000014fb8        0x8 C:/devkitPro/libnx/lib\libnx.a(applet.o)
                0x0000000000014fb8                __nx_applet_PerformanceConfiguration
 .bss.g_appletFirstHook
                0x0000000000014fc0       0x18 C:/devkitPro/libnx/lib\libnx.a(applet.o)
 .bss.g_appletFocusState
                0x0000000000014fd8        0x1 C:/devkitPro/libnx/lib\libnx.a(applet.o)
 *fill*         0x0000000000014fd9        0x7 
 .bss.g_appletIAudioController
                0x0000000000014fe0        0xc C:/devkitPro/libnx/lib\libnx.a(applet.o)
 *fill*         0x0000000000014fec        0x4 
 .bss.g_appletICommonStateGetter
                0x0000000000014ff0        0xc C:/devkitPro/libnx/lib\libnx.a(applet.o)
 *fill*         0x0000000000014ffc        0x4 
 .bss.g_appletIDebugFunctions
                0x0000000000015000        0xc C:/devkitPro/libnx/lib\libnx.a(applet.o)
 *fill*         0x000000000001500c        0x4 
 .bss.g_appletIDisplayController
                0x0000000000015010        0xc C:/devkitPro/libnx/lib\libnx.a(applet.o)
 *fill*         0x000000000001501c        0x4 
 .bss.g_appletIFunctions
                0x0000000000015020        0xc C:/devkitPro/libnx/lib\libnx.a(applet.o)
 *fill*         0x000000000001502c        0x4 
 .bss.g_appletILibraryAppletCreator
                0x0000000000015030        0xc C:/devkitPro/libnx/lib\libnx.a(applet.o)
 *fill*         0x000000000001503c        0x4 
 .bss.g_appletILibraryAppletSelfAccessor
                0x0000000000015040        0xc C:/devkitPro/libnx/lib\libnx.a(applet.o)
 *fill*         0x000000000001504c        0x4 
 .bss.g_appletIProcessWindingController
                0x0000000000015050        0xc C:/devkitPro/libnx/lib\libnx.a(applet.o)
 *fill*         0x000000000001505c        0x4 
 .bss.g_appletISelfController
                0x0000000000015060        0xc C:/devkitPro/libnx/lib\libnx.a(applet.o)
 *fill*         0x000000000001506c        0x4 
 .bss.g_appletIWindowController
                0x0000000000015070        0xc C:/devkitPro/libnx/lib\libnx.a(applet.o)
 .bss.g_appletMessageEventHandle
                0x000000000001507c        0x4 C:/devkitPro/libnx/lib\libnx.a(applet.o)
 .bss.g_appletNotifiedRunning
                0x0000000000015080        0x1 C:/devkitPro/libnx/lib\libnx.a(applet.o)
 .bss.g_appletOperationMode
                0x0000000000015081        0x1 C:/devkitPro/libnx/lib\libnx.a(applet.o)
 *fill*         0x0000000000015082        0x2 
 .bss.g_appletPerformanceMode
                0x0000000000015084        0x4 C:/devkitPro/libnx/lib\libnx.a(applet.o)
 .bss.g_appletProxySession
                0x0000000000015088        0xc C:/devkitPro/libnx/lib\libnx.a(applet.o)
 *fill*         0x0000000000015094        0x4 
 .bss.g_appletResourceUserId
                0x0000000000015098        0x8 C:/devkitPro/libnx/lib\libnx.a(applet.o)
 .bss.g_appletSrv
                0x00000000000150a0        0xc C:/devkitPro/libnx/lib\libnx.a(applet.o)
 *fill*         0x00000000000150ac        0x4 
 .bss.g_refCnt  0x00000000000150b0        0x8 C:/devkitPro/libnx/lib\libnx.a(applet.o)
 .bss.g_controllerDown
                0x00000000000150b8       0x50 C:/devkitPro/libnx/lib\libnx.a(hid.o)
 .bss.g_controllerEntries
                0x0000000000015108      0x1e0 C:/devkitPro/libnx/lib\libnx.a(hid.o)
 .bss.g_controllerHeaders
                0x00000000000152e8      0x190 C:/devkitPro/libnx/lib\libnx.a(hid.o)
 .bss.g_controllerHeld
                0x0000000000015478       0x50 C:/devkitPro/libnx/lib\libnx.a(hid.o)
 .bss.g_controllerLayout
                0x00000000000154c8       0x28 C:/devkitPro/libnx/lib\libnx.a(hid.o)
 .bss.g_controllerOld
                0x00000000000154f0       0x50 C:/devkitPro/libnx/lib\libnx.a(hid.o)
 .bss.g_controllerP1AutoID
                0x0000000000015540        0x4 C:/devkitPro/libnx/lib\libnx.a(hid.o)
 *fill*         0x0000000000015544        0x4 
 .bss.g_controllerTimestamps
                0x0000000000015548       0x50 C:/devkitPro/libnx/lib\libnx.a(hid.o)
 .bss.g_controllerUp
                0x0000000000015598       0x50 C:/devkitPro/libnx/lib\libnx.a(hid.o)
 .bss.g_hidIAppletResource
                0x00000000000155e8        0xc C:/devkitPro/libnx/lib\libnx.a(hid.o)
 *fill*         0x00000000000155f4        0x4 
 .bss.g_hidLock
                0x00000000000155f8       0x20 C:/devkitPro/libnx/lib\libnx.a(hid.o)
 .bss.g_hidSharedmem
                0x0000000000015618       0x20 C:/devkitPro/libnx/lib\libnx.a(hid.o)
 .bss.g_hidSrv  0x0000000000015638        0xc C:/devkitPro/libnx/lib\libnx.a(hid.o)
 *fill*         0x0000000000015644        0x4 
 .bss.g_keyboardDown
                0x0000000000015648       0x20 C:/devkitPro/libnx/lib\libnx.a(hid.o)
 .bss.g_keyboardEntry
                0x0000000000015668       0x38 C:/devkitPro/libnx/lib\libnx.a(hid.o)
 .bss.g_keyboardHeld
                0x00000000000156a0       0x20 C:/devkitPro/libnx/lib\libnx.a(hid.o)
 .bss.g_keyboardModDown
                0x00000000000156c0        0x8 C:/devkitPro/libnx/lib\libnx.a(hid.o)
 .bss.g_keyboardModHeld
                0x00000000000156c8        0x8 C:/devkitPro/libnx/lib\libnx.a(hid.o)
 .bss.g_keyboardModOld
                0x00000000000156d0        0x8 C:/devkitPro/libnx/lib\libnx.a(hid.o)
 .bss.g_keyboardModUp
                0x00000000000156d8        0x8 C:/devkitPro/libnx/lib\libnx.a(hid.o)
 .bss.g_keyboardOld
                0x00000000000156e0       0x20 C:/devkitPro/libnx/lib\libnx.a(hid.o)
 .bss.g_keyboardTimestamp
                0x0000000000015700        0x8 C:/devkitPro/libnx/lib\libnx.a(hid.o)
 .bss.g_keyboardUp
                0x0000000000015708       0x20 C:/devkitPro/libnx/lib\libnx.a(hid.o)
 .bss.g_mouseDown
                0x0000000000015728        0x8 C:/devkitPro/libnx/lib\libnx.a(hid.o)
 .bss.g_mouseEntry
                0x0000000000015730       0x30 C:/devkitPro/libnx/lib\libnx.a(hid.o)
 .bss.g_mouseHeld
                0x0000000000015760        0x8 C:/devkitPro/libnx/lib\libnx.a(hid.o)
 .bss.g_mouseOld
                0x0000000000015768        0x8 C:/devkitPro/libnx/lib\libnx.a(hid.o)
 .bss.g_mouseTimestamp
                0x0000000000015770        0x8 C:/devkitPro/libnx/lib\libnx.a(hid.o)
 .bss.g_mouseUp
                0x0000000000015778        0x8 C:/devkitPro/libnx/lib\libnx.a(hid.o)
 .bss.g_refCnt  0x0000000000015780        0x8 C:/devkitPro/libnx/lib\libnx.a(hid.o)
 .bss.g_touchEntry
                0x0000000000015788      0x298 C:/devkitPro/libnx/lib\libnx.a(hid.o)
 .bss.g_touchTimestamp
                0x0000000000015a20        0x8 C:/devkitPro/libnx/lib\libnx.a(hid.o)
 .bss.g_refCnt  0x0000000000015a28        0x8 C:/devkitPro/libnx/lib\libnx.a(sm.o)
 .bss.g_smHandle
                0x0000000000015a30        0x4 C:/devkitPro/libnx/lib\libnx.a(sm.o)
 *fill*         0x0000000000015a34        0x4 
 .bss.g_smOverrides
                0x0000000000015a38      0x200 C:/devkitPro/libnx/lib\libnx.a(sm.o)
 .bss.g_smOverridesNum
                0x0000000000015c38        0x8 C:/devkitPro/libnx/lib\libnx.a(sm.o)
 .bss.g_apmISession
                0x0000000000015c40        0xc C:/devkitPro/libnx/lib\libnx.a(apm.o)
 *fill*         0x0000000000015c4c        0x4 
 .bss.g_apmSrv  0x0000000000015c50        0xc C:/devkitPro/libnx/lib\libnx.a(apm.o)
 *fill*         0x0000000000015c5c        0x4 
 .bss.g_refCnt  0x0000000000015c60        0x8 C:/devkitPro/libnx/lib\libnx.a(apm.o)
 .bss.g_gfxBinderSession
                0x0000000000015c68       0x20 C:/devkitPro/libnx/lib\libnx.a(gfx.o)
 .bss.g_gfxCurrentBuffer
                0x0000000000015c88        0x4 C:/devkitPro/libnx/lib\libnx.a(gfx.o)
 .bss.g_gfxCurrentProducerBuffer
                0x0000000000015c8c        0x4 C:/devkitPro/libnx/lib\libnx.a(gfx.o)
 .bss.g_gfxDisplay
                0x0000000000015c90       0x50 C:/devkitPro/libnx/lib\libnx.a(gfx.o)
 .bss.g_gfxDisplayVsyncEvent
                0x0000000000015ce0        0x4 C:/devkitPro/libnx/lib\libnx.a(gfx.o)
 *fill*         0x0000000000015ce4        0x4 
 .bss.g_gfxFramebuf
                0x0000000000015ce8        0x8 C:/devkitPro/libnx/lib\libnx.a(gfx.o)
 .bss.g_gfxFramebufLinear
                0x0000000000015cf0        0x8 C:/devkitPro/libnx/lib\libnx.a(gfx.o)
 .bss.g_gfxFramebufSize
                0x0000000000015cf8        0x8 C:/devkitPro/libnx/lib\libnx.a(gfx.o)
 .bss.g_gfxInitialized
                0x0000000000015d00        0x1 C:/devkitPro/libnx/lib\libnx.a(gfx.o)
 *fill*         0x0000000000015d01        0x7 
 .bss.g_gfxLayer
                0x0000000000015d08       0x10 C:/devkitPro/libnx/lib\libnx.a(gfx.o)
 .bss.g_gfxNativeWindow
                0x0000000000015d18      0x100 C:/devkitPro/libnx/lib\libnx.a(gfx.o)
 .bss.g_gfxNativeWindow_ID
                0x0000000000015e18        0x4 C:/devkitPro/libnx/lib\libnx.a(gfx.o)
 *fill*         0x0000000000015e1c        0x4 
 .bss.g_gfxNativeWindow_Size
                0x0000000000015e20        0x8 C:/devkitPro/libnx/lib\libnx.a(gfx.o)
 .bss.g_gfx_Connect_QueueBufferOutput
                0x0000000000015e28       0x10 C:/devkitPro/libnx/lib\libnx.a(gfx.o)
 .bss.g_gfx_DequeueBuffer_fence
                0x0000000000015e38       0x24 C:/devkitPro/libnx/lib\libnx.a(gfx.o)
 .bss.g_gfx_ProducerConnected
                0x0000000000015e5c        0x1 C:/devkitPro/libnx/lib\libnx.a(gfx.o)
 *fill*         0x0000000000015e5d        0x3 
 .bss.g_gfx_ProducerSlotsRequested
                0x0000000000015e60        0x2 C:/devkitPro/libnx/lib\libnx.a(gfx.o)
 *fill*         0x0000000000015e62        0x6 
 .bss.g_gfx_QueueBuffer_QueueBufferOutput
                0x0000000000015e68       0x10 C:/devkitPro/libnx/lib\libnx.a(gfx.o)
 .bss.g_gfx_autoresolution_applethookcookie
                0x0000000000015e78       0x18 C:/devkitPro/libnx/lib\libnx.a(gfx.o)
 .bss.g_gfx_autoresolution_docked_height
                0x0000000000015e90        0x4 C:/devkitPro/libnx/lib\libnx.a(gfx.o)
 .bss.g_gfx_autoresolution_docked_width
                0x0000000000015e94        0x4 C:/devkitPro/libnx/lib\libnx.a(gfx.o)
 .bss.g_gfx_autoresolution_enabled
                0x0000000000015e98        0x1 C:/devkitPro/libnx/lib\libnx.a(gfx.o)
 *fill*         0x0000000000015e99        0x3 
 .bss.g_gfx_autoresolution_handheld_height
                0x0000000000015e9c        0x4 C:/devkitPro/libnx/lib\libnx.a(gfx.o)
 .bss.g_gfx_autoresolution_handheld_width
                0x0000000000015ea0        0x4 C:/devkitPro/libnx/lib\libnx.a(gfx.o)
 *fill*         0x0000000000015ea4        0x4 
 .bss.g_gfx_framebuf_aligned_height
                0x0000000000015ea8        0x8 C:/devkitPro/libnx/lib\libnx.a(gfx.o)
                0x0000000000015ea8                g_gfx_framebuf_aligned_height
 .bss.g_gfx_framebuf_aligned_width
                0x0000000000015eb0        0x8 C:/devkitPro/libnx/lib\libnx.a(gfx.o)
                0x0000000000015eb0                g_gfx_framebuf_aligned_width
 .bss.g_gfx_framebuf_display_height
                0x0000000000015eb8        0x8 C:/devkitPro/libnx/lib\libnx.a(gfx.o)
                0x0000000000015eb8                g_gfx_framebuf_display_height
 .bss.g_gfx_framebuf_display_width
                0x0000000000015ec0        0x8 C:/devkitPro/libnx/lib\libnx.a(gfx.o)
                0x0000000000015ec0                g_gfx_framebuf_display_width
 .bss.g_gfx_framebuf_height
                0x0000000000015ec8        0x8 C:/devkitPro/libnx/lib\libnx.a(gfx.o)
                0x0000000000015ec8                g_gfx_framebuf_height
 .bss.g_gfx_framebuf_width
                0x0000000000015ed0        0x8 C:/devkitPro/libnx/lib\libnx.a(gfx.o)
                0x0000000000015ed0                g_gfx_framebuf_width
 .bss.g_gfx_singleframebuf_linear_size
                0x0000000000015ed8        0x8 C:/devkitPro/libnx/lib\libnx.a(gfx.o)
                0x0000000000015ed8                g_gfx_singleframebuf_linear_size
 .bss.g_gfx_singleframebuf_size
                0x0000000000015ee0        0x8 C:/devkitPro/libnx/lib\libnx.a(gfx.o)
                0x0000000000015ee0                g_gfx_singleframebuf_size
 .bss.g_nvgfxInitialized
                0x0000000000015ee8        0x1 C:/devkitPro/libnx/lib\libnx.a(nvgfx.o)
 *fill*         0x0000000000015ee9        0x3 
 .bss.g_nvgfx_fd_nvhostasgpu
                0x0000000000015eec        0x4 C:/devkitPro/libnx/lib\libnx.a(nvgfx.o)
 .bss.g_nvgfx_fd_nvhostctrl
                0x0000000000015ef0        0x4 C:/devkitPro/libnx/lib\libnx.a(nvgfx.o)
 .bss.g_nvgfx_fd_nvhostctrlgpu
                0x0000000000015ef4        0x4 C:/devkitPro/libnx/lib\libnx.a(nvgfx.o)
 .bss.g_nvgfx_fd_nvhostgpu
                0x0000000000015ef8        0x4 C:/devkitPro/libnx/lib\libnx.a(nvgfx.o)
 .bss.g_nvgfx_fd_nvmap
                0x0000000000015efc        0x4 C:/devkitPro/libnx/lib\libnx.a(nvgfx.o)
 .bss.g_nvgfx_gpfifo_pos
                0x0000000000015f00        0x8 C:/devkitPro/libnx/lib\libnx.a(nvgfx.o)
 .bss.g_nvgfx_gpu_characteristics
                0x0000000000015f08       0xa0 C:/devkitPro/libnx/lib\libnx.a(nvgfx.o)